Archive member included to satisfy reference by file (symbol)

d:/archivosdprograma/stm32cubeide_1.5.0/stm32cubeide/plugins/com.st.stm32cube.ide.mcu.externaltools.gnu-tools-for-stm32.7-2018-q2-update.win32_1.5.0.202011040924/tools/bin/../lib/gcc/arm-none-eabi/7.3.1/../../../../arm-none-eabi/lib/thumb/v7e-m/fpv4-sp/hard\libc_nano.a(lib_a-errno.o)
                              Core/Src/syscalls.o (__errno)
d:/archivosdprograma/stm32cubeide_1.5.0/stm32cubeide/plugins/com.st.stm32cube.ide.mcu.externaltools.gnu-tools-for-stm32.7-2018-q2-update.win32_1.5.0.202011040924/tools/bin/../lib/gcc/arm-none-eabi/7.3.1/../../../../arm-none-eabi/lib/thumb/v7e-m/fpv4-sp/hard\libc_nano.a(lib_a-exit.o)
                              d:/archivosdprograma/stm32cubeide_1.5.0/stm32cubeide/plugins/com.st.stm32cube.ide.mcu.externaltools.gnu-tools-for-stm32.7-2018-q2-update.win32_1.5.0.202011040924/tools/bin/../lib/gcc/arm-none-eabi/7.3.1/../../../../arm-none-eabi/lib/thumb/v7e-m/fpv4-sp/hard/crt0.o (exit)
d:/archivosdprograma/stm32cubeide_1.5.0/stm32cubeide/plugins/com.st.stm32cube.ide.mcu.externaltools.gnu-tools-for-stm32.7-2018-q2-update.win32_1.5.0.202011040924/tools/bin/../lib/gcc/arm-none-eabi/7.3.1/../../../../arm-none-eabi/lib/thumb/v7e-m/fpv4-sp/hard\libc_nano.a(lib_a-impure.o)
                              d:/archivosdprograma/stm32cubeide_1.5.0/stm32cubeide/plugins/com.st.stm32cube.ide.mcu.externaltools.gnu-tools-for-stm32.7-2018-q2-update.win32_1.5.0.202011040924/tools/bin/../lib/gcc/arm-none-eabi/7.3.1/../../../../arm-none-eabi/lib/thumb/v7e-m/fpv4-sp/hard\libc_nano.a(lib_a-exit.o) (_global_impure_ptr)
d:/archivosdprograma/stm32cubeide_1.5.0/stm32cubeide/plugins/com.st.stm32cube.ide.mcu.externaltools.gnu-tools-for-stm32.7-2018-q2-update.win32_1.5.0.202011040924/tools/bin/../lib/gcc/arm-none-eabi/7.3.1/../../../../arm-none-eabi/lib/thumb/v7e-m/fpv4-sp/hard\libc_nano.a(lib_a-init.o)
                              d:/archivosdprograma/stm32cubeide_1.5.0/stm32cubeide/plugins/com.st.stm32cube.ide.mcu.externaltools.gnu-tools-for-stm32.7-2018-q2-update.win32_1.5.0.202011040924/tools/bin/../lib/gcc/arm-none-eabi/7.3.1/../../../../arm-none-eabi/lib/thumb/v7e-m/fpv4-sp/hard/crt0.o (__libc_init_array)
d:/archivosdprograma/stm32cubeide_1.5.0/stm32cubeide/plugins/com.st.stm32cube.ide.mcu.externaltools.gnu-tools-for-stm32.7-2018-q2-update.win32_1.5.0.202011040924/tools/bin/../lib/gcc/arm-none-eabi/7.3.1/../../../../arm-none-eabi/lib/thumb/v7e-m/fpv4-sp/hard\libc_nano.a(lib_a-memcpy-stub.o)
                              Middlewares/Third_Party/FreeRTOS/Source/queue.o (memcpy)
d:/archivosdprograma/stm32cubeide_1.5.0/stm32cubeide/plugins/com.st.stm32cube.ide.mcu.externaltools.gnu-tools-for-stm32.7-2018-q2-update.win32_1.5.0.202011040924/tools/bin/../lib/gcc/arm-none-eabi/7.3.1/../../../../arm-none-eabi/lib/thumb/v7e-m/fpv4-sp/hard\libc_nano.a(lib_a-memset.o)
                              d:/archivosdprograma/stm32cubeide_1.5.0/stm32cubeide/plugins/com.st.stm32cube.ide.mcu.externaltools.gnu-tools-for-stm32.7-2018-q2-update.win32_1.5.0.202011040924/tools/bin/../lib/gcc/arm-none-eabi/7.3.1/../../../../arm-none-eabi/lib/thumb/v7e-m/fpv4-sp/hard/crt0.o (memset)
d:/archivosdprograma/stm32cubeide_1.5.0/stm32cubeide/plugins/com.st.stm32cube.ide.mcu.externaltools.gnu-tools-for-stm32.7-2018-q2-update.win32_1.5.0.202011040924/tools/bin/../lib/gcc/arm-none-eabi/7.3.1/thumb/v7e-m/fpv4-sp/hard\libgcc.a(_aeabi_uldivmod.o)
                              Drivers/STM32L4xx_HAL_Driver/Src/stm32l4xx_hal_uart.o (__aeabi_uldivmod)
d:/archivosdprograma/stm32cubeide_1.5.0/stm32cubeide/plugins/com.st.stm32cube.ide.mcu.externaltools.gnu-tools-for-stm32.7-2018-q2-update.win32_1.5.0.202011040924/tools/bin/../lib/gcc/arm-none-eabi/7.3.1/thumb/v7e-m/fpv4-sp/hard\libgcc.a(_udivmoddi4.o)
                              d:/archivosdprograma/stm32cubeide_1.5.0/stm32cubeide/plugins/com.st.stm32cube.ide.mcu.externaltools.gnu-tools-for-stm32.7-2018-q2-update.win32_1.5.0.202011040924/tools/bin/../lib/gcc/arm-none-eabi/7.3.1/thumb/v7e-m/fpv4-sp/hard\libgcc.a(_aeabi_uldivmod.o) (__udivmoddi4)
d:/archivosdprograma/stm32cubeide_1.5.0/stm32cubeide/plugins/com.st.stm32cube.ide.mcu.externaltools.gnu-tools-for-stm32.7-2018-q2-update.win32_1.5.0.202011040924/tools/bin/../lib/gcc/arm-none-eabi/7.3.1/thumb/v7e-m/fpv4-sp/hard\libgcc.a(_dvmd_tls.o)
                              d:/archivosdprograma/stm32cubeide_1.5.0/stm32cubeide/plugins/com.st.stm32cube.ide.mcu.externaltools.gnu-tools-for-stm32.7-2018-q2-update.win32_1.5.0.202011040924/tools/bin/../lib/gcc/arm-none-eabi/7.3.1/thumb/v7e-m/fpv4-sp/hard\libgcc.a(_aeabi_uldivmod.o) (__aeabi_ldiv0)

Allocating common symbols
Common symbol       size              file

acc_IO              0x1c              Core/Src/main.o
hi2c2               0x4c              Drivers/BSP/STEVAL-STWINKT1/steval_stwinkt1_bus.o
uwTick              0x4               Drivers/STM32L4xx_HAL_Driver/Src/stm32l4xx_hal.o
[...]
Memory Configuration

Name             Origin             Length             Attributes
RAM              0x0000000020000000 0x00000000000a0000 xrw
FLASH            0x0000000008000000 0x0000000000200000 xr
*default*        0x0000000000000000 0xffffffffffffffff

Linker script and memory map

LOAD d:/archivosdprograma/stm32cubeide_1.5.0/stm32cubeide/plugins/com.st.stm32cube.ide.mcu.externaltools.gnu-tools-for-stm32.7-2018-q2-update.win32_1.5.0.202011040924/tools/bin/../lib/gcc/arm-none-eabi/7.3.1/thumb/v7e-m/fpv4-sp/hard/crti.o
LOAD d:/archivosdprograma/stm32cubeide_1.5.0/stm32cubeide/plugins/com.st.stm32cube.ide.mcu.externaltools.gnu-tools-for-stm32.7-2018-q2-update.win32_1.5.0.202011040924/tools/bin/../lib/gcc/arm-none-eabi/7.3.1/thumb/v7e-m/fpv4-sp/hard/crtbegin.o
LOAD d:/archivosdprograma/stm32cubeide_1.5.0/stm32cubeide/plugins/com.st.stm32cube.ide.mcu.externaltools.gnu-tools-for-stm32.7-2018-q2-update.win32_1.5.0.202011040924/tools/bin/../lib/gcc/arm-none-eabi/7.3.1/../../../../arm-none-eabi/lib/thumb/v7e-m/fpv4-sp/hard/crt0.o
LOAD Core/Src/freertos.o
LOAD Core/Src/iis2dh.o
LOAD Core/Src/iis2dh_reg.o
LOAD Core/Src/main.o
LOAD Core/Src/stm32l4xx_hal_msp.o
LOAD Core/Src/stm32l4xx_hal_timebase_tim.o
LOAD Core/Src/stm32l4xx_it.o
LOAD Core/Src/syscalls.o
LOAD Core/Src/sysmem.o
LOAD Core/Src/system_stm32l4xx.o
LOAD Core/Startup/startup_stm32l4r9zijx.o
LOAD Drivers/BSP/Components/iis2mdc/iis2mdc.o
LOAD Drivers/BSP/Components/iis2mdc/iis2mdc_reg.o
LOAD Drivers/BSP/STEVAL-STWINKT1/steval_stwinkt1_bus.o
LOAD Drivers/STM32L4xx_HAL_Driver/Src/stm32l4xx_hal.o
LOAD Drivers/STM32L4xx_HAL_Driver/Src/stm32l4xx_hal_cortex.o
LOAD Drivers/STM32L4xx_HAL_Driver/Src/stm32l4xx_hal_dma.o
LOAD Drivers/STM32L4xx_HAL_Driver/Src/stm32l4xx_hal_dma_ex.o
LOAD Drivers/STM32L4xx_HAL_Driver/Src/stm32l4xx_hal_exti.o
LOAD Drivers/STM32L4xx_HAL_Driver/Src/stm32l4xx_hal_flash.o
LOAD Drivers/STM32L4xx_HAL_Driver/Src/stm32l4xx_hal_flash_ex.o
LOAD Drivers/STM32L4xx_HAL_Driver/Src/stm32l4xx_hal_flash_ramfunc.o
LOAD Drivers/STM32L4xx_HAL_Driver/Src/stm32l4xx_hal_gpio.o
LOAD Drivers/STM32L4xx_HAL_Driver/Src/stm32l4xx_hal_i2c.o
LOAD Drivers/STM32L4xx_HAL_Driver/Src/stm32l4xx_hal_i2c_ex.o
LOAD Drivers/STM32L4xx_HAL_Driver/Src/stm32l4xx_hal_pwr.o
LOAD Drivers/STM32L4xx_HAL_Driver/Src/stm32l4xx_hal_pwr_ex.o
LOAD Drivers/STM32L4xx_HAL_Driver/Src/stm32l4xx_hal_rcc.o
LOAD Drivers/STM32L4xx_HAL_Driver/Src/stm32l4xx_hal_rcc_ex.o
LOAD Drivers/STM32L4xx_HAL_Driver/Src/stm32l4xx_hal_spi.o
LOAD Drivers/STM32L4xx_HAL_Driver/Src/stm32l4xx_hal_spi_ex.o
LOAD Drivers/STM32L4xx_HAL_Driver/Src/stm32l4xx_hal_tim.o
LOAD Drivers/STM32L4xx_HAL_Driver/Src/stm32l4xx_hal_tim_ex.o
LOAD Drivers/STM32L4xx_HAL_Driver/Src/stm32l4xx_hal_uart.o
LOAD Drivers/STM32L4xx_HAL_Driver/Src/stm32l4xx_hal_uart_ex.o
LOAD Middlewares/Third_Party/FreeRTOS/Source/CMSIS_RTOS/cmsis_os.o
LOAD Middlewares/Third_Party/FreeRTOS/Source/croutine.o
LOAD Middlewares/Third_Party/FreeRTOS/Source/event_groups.o
LOAD Middlewares/Third_Party/FreeRTOS/Source/list.o
LOAD Middlewares/Third_Party/FreeRTOS/Source/queue.o
LOAD Middlewares/Third_Party/FreeRTOS/Source/stream_buffer.o
LOAD Middlewares/Third_Party/FreeRTOS/Source/tasks.o
LOAD Middlewares/Third_Party/FreeRTOS/Source/timers.o
LOAD Middlewares/Third_Party/FreeRTOS/Source/portable/GCC/ARM_CM4F/port.o
LOAD Middlewares/Third_Party/FreeRTOS/Source/portable/MemMang/heap_4.o
START GROUP
LOAD d:/archivosdprograma/stm32cubeide_1.5.0/stm32cubeide/plugins/com.st.stm32cube.ide.mcu.externaltools.gnu-tools-for-stm32.7-2018-q2-update.win32_1.5.0.202011040924/tools/bin/../lib/gcc/arm-none-eabi/7.3.1/../../../../arm-none-eabi/lib/thumb/v7e-m/fpv4-sp/hard\libc_nano.a
LOAD d:/archivosdprograma/stm32cubeide_1.5.0/stm32cubeide/plugins/com.st.stm32cube.ide.mcu.externaltools.gnu-tools-for-stm32.7-2018-q2-update.win32_1.5.0.202011040924/tools/bin/../lib/gcc/arm-none-eabi/7.3.1/../../../../arm-none-eabi/lib/thumb/v7e-m/fpv4-sp/hard\libm.a
END GROUP
START GROUP
LOAD d:/archivosdprograma/stm32cubeide_1.5.0/stm32cubeide/plugins/com.st.stm32cube.ide.mcu.externaltools.gnu-tools-for-stm32.7-2018-q2-update.win32_1.5.0.202011040924/tools/bin/../lib/gcc/arm-none-eabi/7.3.1/thumb/v7e-m/fpv4-sp/hard\libgcc.a
LOAD d:/archivosdprograma/stm32cubeide_1.5.0/stm32cubeide/plugins/com.st.stm32cube.ide.mcu.externaltools.gnu-tools-for-stm32.7-2018-q2-update.win32_1.5.0.202011040924/tools/bin/../lib/gcc/arm-none-eabi/7.3.1/../../../../arm-none-eabi/lib/thumb/v7e-m/fpv4-sp/hard\libc_nano.a
END GROUP
START GROUP
LOAD d:/archivosdprograma/stm32cubeide_1.5.0/stm32cubeide/plugins/com.st.stm32cube.ide.mcu.externaltools.gnu-tools-for-stm32.7-2018-q2-update.win32_1.5.0.202011040924/tools/bin/../lib/gcc/arm-none-eabi/7.3.1/thumb/v7e-m/fpv4-sp/hard\libgcc.a
LOAD d:/archivosdprograma/stm32cubeide_1.5.0/stm32cubeide/plugins/com.st.stm32cube.ide.mcu.externaltools.gnu-tools-for-stm32.7-2018-q2-update.win32_1.5.0.202011040924/tools/bin/../lib/gcc/arm-none-eabi/7.3.1/../../../../arm-none-eabi/lib/thumb/v7e-m/fpv4-sp/hard\libc_nano.a
LOAD d:/archivosdprograma/stm32cubeide_1.5.0/stm32cubeide/plugins/com.st.stm32cube.ide.mcu.externaltools.gnu-tools-for-stm32.7-2018-q2-update.win32_1.5.0.202011040924/tools/bin/../lib/gcc/arm-none-eabi/7.3.1/../../../../arm-none-eabi/lib/thumb/v7e-m/fpv4-sp/hard\libnosys.a
END GROUP
START GROUP
LOAD d:/archivosdprograma/stm32cubeide_1.5.0/stm32cubeide/plugins/com.st.stm32cube.ide.mcu.externaltools.gnu-tools-for-stm32.7-2018-q2-update.win32_1.5.0.202011040924/tools/bin/../lib/gcc/arm-none-eabi/7.3.1/thumb/v7e-m/fpv4-sp/hard\libgcc.a
LOAD d:/archivosdprograma/stm32cubeide_1.5.0/stm32cubeide/plugins/com.st.stm32cube.ide.mcu.externaltools.gnu-tools-for-stm32.7-2018-q2-update.win32_1.5.0.202011040924/tools/bin/../lib/gcc/arm-none-eabi/7.3.1/../../../../arm-none-eabi/lib/thumb/v7e-m/fpv4-sp/hard\libc_nano.a
LOAD d:/archivosdprograma/stm32cubeide_1.5.0/stm32cubeide/plugins/com.st.stm32cube.ide.mcu.externaltools.gnu-tools-for-stm32.7-2018-q2-update.win32_1.5.0.202011040924/tools/bin/../lib/gcc/arm-none-eabi/7.3.1/../../../../arm-none-eabi/lib/thumb/v7e-m/fpv4-sp/hard\libnosys.a
END GROUP
LOAD d:/archivosdprograma/stm32cubeide_1.5.0/stm32cubeide/plugins/com.st.stm32cube.ide.mcu.externaltools.gnu-tools-for-stm32.7-2018-q2-update.win32_1.5.0.202011040924/tools/bin/../lib/gcc/arm-none-eabi/7.3.1/thumb/v7e-m/fpv4-sp/hard/crtend.o
LOAD d:/archivosdprograma/stm32cubeide_1.5.0/stm32cubeide/plugins/com.st.stm32cube.ide.mcu.externaltools.gnu-tools-for-stm32.7-2018-q2-update.win32_1.5.0.202011040924/tools/bin/../lib/gcc/arm-none-eabi/7.3.1/thumb/v7e-m/fpv4-sp/hard/crtn.o
                0x00000000200a0000                _estack = (ORIGIN (RAM) + LENGTH (RAM))
                0x0000000000000200                _Min_Heap_Size = 0x200
                0x0000000000000400                _Min_Stack_Size = 0x400

.isr_vector     0x0000000008000000      0x1bc
                0x0000000008000000                . = ALIGN (0x4)
 *(.isr_vector)
 .isr_vector    0x0000000008000000      0x1bc Core/Startup/startup_stm32l4r9zijx.o
                0x0000000008000000                g_pfnVectors
                0x00000000080001bc                . = ALIGN (0x4)

.text           0x00000000080001c0     0x8294
                0x00000000080001c0                . = ALIGN (0x4)
 *(.text)
 .text          0x00000000080001c0       0x40 d:/archivosdprograma/stm32cubeide_1.5.0/stm32cubeide/plugins/com.st.stm32cube.ide.mcu.externaltools.gnu-tools-for-stm32.7-2018-q2-update.win32_1.5.0.202011040924/tools/bin/../lib/gcc/arm-none-eabi/7.3.1/thumb/v7e-m/fpv4-sp/hard/crtbegin.o
 .text          0x0000000008000200       0x30 d:/archivosdprograma/stm32cubeide_1.5.0/stm32cubeide/plugins/com.st.stm32cube.ide.mcu.externaltools.gnu-tools-for-stm32.7-2018-q2-update.win32_1.5.0.202011040924/tools/bin/../lib/gcc/arm-none-eabi/7.3.1/thumb/v7e-m/fpv4-sp/hard\libgcc.a(_aeabi_uldivmod.o)
                0x0000000008000200                __aeabi_uldivmod
 .text          0x0000000008000230      0x2cc d:/archivosdprograma/stm32cubeide_1.5.0/stm32cubeide/plugins/com.st.stm32cube.ide.mcu.externaltools.gnu-tools-for-stm32.7-2018-q2-update.win32_1.5.0.202011040924/tools/bin/../lib/gcc/arm-none-eabi/7.3.1/thumb/v7e-m/fpv4-sp/hard\libgcc.a(_udivmoddi4.o)
                0x0000000008000230                __udivmoddi4
 .text          0x00000000080004fc        0x4 d:/archivosdprograma/stm32cubeide_1.5.0/stm32cubeide/plugins/com.st.stm32cube.ide.mcu.externaltools.gnu-tools-for-stm32.7-2018-q2-update.win32_1.5.0.202011040924/tools/bin/../lib/gcc/arm-none-eabi/7.3.1/thumb/v7e-m/fpv4-sp/hard\libgcc.a(_dvmd_tls.o)
                0x00000000080004fc                __aeabi_idiv0
                0x00000000080004fc                __aeabi_ldiv0
 *(.text*)
 .text.vApplicationGetIdleTaskMemory
                0x0000000008000500       0x34 Core/Src/freertos.o
                0x0000000008000500                vApplicationGetIdleTaskMemory
 .text.main     0x0000000008000534       0xec Core/Src/main.o
                0x0000000008000534                main
 .text.SystemClock_Config
                0x0000000008000620       0xec Core/Src/main.o
                0x0000000008000620                SystemClock_Config
 .text.MX_SPI3_Init
                0x000000000800070c       0x7c Core/Src/main.o
 .text.MX_TIM16_Init
                0x0000000008000788       0x4c Core/Src/main.o
 .text.MX_USART2_UART_Init
                0x00000000080007d4       0x98 Core/Src/main.o
 .text.MX_GPIO_Init
                0x000000000800086c      0x5c0 Core/Src/main.o
 .text.InicializaSensores
                0x0000000008000e2c       0x70 Core/Src/main.o
                0x0000000008000e2c                InicializaSensores
 .text.LED_blink
                0x0000000008000e9c       0x40 Core/Src/main.o
                0x0000000008000e9c                LED_blink
 .text.MuestreaAcc
                0x0000000008000edc       0xa4 Core/Src/main.o
                0x0000000008000edc                MuestreaAcc
 .text.MandaDatos
                0x0000000008000f80       0x48 Core/Src/main.o
                0x0000000008000f80                MandaDatos
 .text.HAL_TIM_PeriodElapsedCallback
                0x0000000008000fc8       0x24 Core/Src/main.o
                0x0000000008000fc8                HAL_TIM_PeriodElapsedCallback
 .text.Error_Handler
                0x0000000008000fec        0x8 Core/Src/main.o
                0x0000000008000fec                Error_Handler
 .text.HAL_MspInit
                0x0000000008000ff4       0x50 Core/Src/stm32l4xx_hal_msp.o
                0x0000000008000ff4                HAL_MspInit
 .text.HAL_SPI_MspInit
                0x0000000008001044       0x88 Core/Src/stm32l4xx_hal_msp.o
                0x0000000008001044                HAL_SPI_MspInit
 .text.HAL_TIM_Base_MspInit
                0x00000000080010cc       0x40 Core/Src/stm32l4xx_hal_msp.o
                0x00000000080010cc                HAL_TIM_Base_MspInit
 .text.HAL_UART_MspInit
                0x000000000800110c       0x88 Core/Src/stm32l4xx_hal_msp.o
                0x000000000800110c                HAL_UART_MspInit
 .text.HAL_InitTick
                0x0000000008001194       0xac Core/Src/stm32l4xx_hal_timebase_tim.o
                0x0000000008001194                HAL_InitTick
 .text.NMI_Handler
                0x0000000008001240        0x6 Core/Src/stm32l4xx_it.o
                0x0000000008001240                NMI_Handler
 .text.HardFault_Handler
                0x0000000008001246        0x6 Core/Src/stm32l4xx_it.o
                0x0000000008001246                HardFault_Handler
 .text.MemManage_Handler
                0x000000000800124c        0x6 Core/Src/stm32l4xx_it.o
                0x000000000800124c                MemManage_Handler
 .text.BusFault_Handler
                0x0000000008001252        0x6 Core/Src/stm32l4xx_it.o
                0x0000000008001252                BusFault_Handler
 .text.UsageFault_Handler
                0x0000000008001258        0x6 Core/Src/stm32l4xx_it.o
                0x0000000008001258                UsageFault_Handler
 .text.DebugMon_Handler
                0x000000000800125e        0xe Core/Src/stm32l4xx_it.o
                0x000000000800125e                DebugMon_Handler
 .text.TIM6_DAC_IRQHandler
                0x000000000800126c       0x14 Core/Src/stm32l4xx_it.o
                0x000000000800126c                TIM6_DAC_IRQHandler
 .text.SystemInit
                0x0000000008001280       0x6c Core/Src/system_stm32l4xx.o
                0x0000000008001280                SystemInit
 .text.Reset_Handler
                0x00000000080012ec       0x50 Core/Startup/startup_stm32l4r9zijx.o
                0x00000000080012ec                Reset_Handler
 .text.Default_Handler
                0x000000000800133c        0x2 Core/Startup/startup_stm32l4r9zijx.o
                0x000000000800133c                RTC_Alarm_IRQHandler
                0x000000000800133c                EXTI2_IRQHandler
                0x000000000800133c                TIM8_TRG_COM_IRQHandler
                0x000000000800133c                TIM8_CC_IRQHandler
                0x000000000800133c                TIM1_CC_IRQHandler
                0x000000000800133c                TSC_IRQHandler
                0x000000000800133c                TAMP_STAMP_IRQHandler
                0x000000000800133c                EXTI3_IRQHandler
                0x000000000800133c                LPTIM2_IRQHandler
                0x000000000800133c                DFSDM1_FLT1_IRQHandler
                0x000000000800133c                GFXMMU_IRQHandler
                0x000000000800133c                I2C3_ER_IRQHandler
                0x000000000800133c                DFSDM1_FLT2_IRQHandler
                0x000000000800133c                EXTI0_IRQHandler
                0x000000000800133c                I2C2_EV_IRQHandler
                0x000000000800133c                CAN1_RX0_IRQHandler
                0x000000000800133c                FPU_IRQHandler
                0x000000000800133c                TIM1_UP_TIM16_IRQHandler
                0x000000000800133c                LTDC_ER_IRQHandler
                0x000000000800133c                SPI1_IRQHandler
                0x000000000800133c                OCTOSPI1_IRQHandler
                0x000000000800133c                DCMI_IRQHandler
                0x000000000800133c                TIM8_UP_IRQHandler
                0x000000000800133c                OCTOSPI2_IRQHandler
                0x000000000800133c                DMA2_Channel2_IRQHandler
                0x000000000800133c                DMA1_Channel4_IRQHandler
                0x000000000800133c                SAI2_IRQHandler
                0x000000000800133c                ADC1_IRQHandler
                0x000000000800133c                DFSDM1_FLT3_IRQHandler
                0x000000000800133c                USART3_IRQHandler
                0x000000000800133c                DMA1_Channel7_IRQHandler
                0x000000000800133c                CAN1_RX1_IRQHandler
                0x000000000800133c                UART5_IRQHandler
                0x000000000800133c                TIM4_IRQHandler
                0x000000000800133c                DMA2_Channel1_IRQHandler
                0x000000000800133c                I2C1_EV_IRQHandler
                0x000000000800133c                DMAMUX1_OVR_IRQHandler
                0x000000000800133c                DMA1_Channel6_IRQHandler
                0x000000000800133c                UART4_IRQHandler
                0x000000000800133c                DMA2_Channel4_IRQHandler
                0x000000000800133c                TIM3_IRQHandler
                0x000000000800133c                RCC_IRQHandler
                0x000000000800133c                DMA1_Channel1_IRQHandler
                0x000000000800133c                Default_Handler
                0x000000000800133c                DMA2_Channel7_IRQHandler
                0x000000000800133c                EXTI15_10_IRQHandler
                0x000000000800133c                TIM7_IRQHandler
                0x000000000800133c                SDMMC1_IRQHandler
                0x000000000800133c                TIM5_IRQHandler
                0x000000000800133c                I2C3_EV_IRQHandler
                0x000000000800133c                EXTI9_5_IRQHandler
                0x000000000800133c                RTC_WKUP_IRQHandler
                0x000000000800133c                LTDC_IRQHandler
                0x000000000800133c                PVD_PVM_IRQHandler
                0x000000000800133c                SPI2_IRQHandler
                0x000000000800133c                CAN1_TX_IRQHandler
                0x000000000800133c                DMA2_Channel5_IRQHandler
                0x000000000800133c                CRS_IRQHandler
                0x000000000800133c                DMA1_Channel5_IRQHandler
                0x000000000800133c                EXTI4_IRQHandler
                0x000000000800133c                RNG_IRQHandler
                0x000000000800133c                TIM1_TRG_COM_TIM17_IRQHandler
                0x000000000800133c                DMA1_Channel3_IRQHandler
                0x000000000800133c                COMP_IRQHandler
                0x000000000800133c                DSI_IRQHandler
                0x000000000800133c                WWDG_IRQHandler
                0x000000000800133c                I2C4_EV_IRQHandler
                0x000000000800133c                LPUART1_IRQHandler
                0x000000000800133c                DMA2_Channel6_IRQHandler
                0x000000000800133c                TIM2_IRQHandler
                0x000000000800133c                DMA2D_IRQHandler
                0x000000000800133c                EXTI1_IRQHandler
                0x000000000800133c                USART2_IRQHandler
                0x000000000800133c                DFSDM1_FLT0_IRQHandler
                0x000000000800133c                I2C2_ER_IRQHandler
                0x000000000800133c                DMA1_Channel2_IRQHandler
                0x000000000800133c                TIM8_BRK_IRQHandler
                0x000000000800133c                CAN1_SCE_IRQHandler
                0x000000000800133c                FLASH_IRQHandler
                0x000000000800133c                USART1_IRQHandler
                0x000000000800133c                OTG_FS_IRQHandler
                0x000000000800133c                SPI3_IRQHandler
                0x000000000800133c                I2C1_ER_IRQHandler
                0x000000000800133c                FMC_IRQHandler
                0x000000000800133c                LPTIM1_IRQHandler
                0x000000000800133c                I2C4_ER_IRQHandler
                0x000000000800133c                SAI1_IRQHandler
                0x000000000800133c                DMA2_Channel3_IRQHandler
                0x000000000800133c                TIM1_BRK_TIM15_IRQHandler
 *fill*         0x000000000800133e        0x2 
 .text.IIS2MDC_RegisterBusIO
                0x0000000008001340       0xec Drivers/BSP/Components/iis2mdc/iis2mdc.o
                0x0000000008001340                IIS2MDC_RegisterBusIO
 .text.IIS2MDC_Init
                0x000000000800142c       0x7a Drivers/BSP/Components/iis2mdc/iis2mdc.o
                0x000000000800142c                IIS2MDC_Init
 .text.IIS2MDC_MAG_Enable
                0x00000000080014a6       0x40 Drivers/BSP/Components/iis2mdc/iis2mdc.o
                0x00000000080014a6                IIS2MDC_MAG_Enable
 .text.IIS2MDC_MAG_GetSensitivity
                0x00000000080014e6       0x20 Drivers/BSP/Components/iis2mdc/iis2mdc.o
                0x00000000080014e6                IIS2MDC_MAG_GetSensitivity
 .text.IIS2MDC_MAG_GetAxes
                0x0000000008001506       0x9c Drivers/BSP/Components/iis2mdc/iis2mdc.o
                0x0000000008001506                IIS2MDC_MAG_GetAxes
 .text.IIS2MDC_Write_Reg
                0x00000000080015a2       0x36 Drivers/BSP/Components/iis2mdc/iis2mdc.o
                0x00000000080015a2                IIS2MDC_Write_Reg
 .text.ReadMagRegWrap
                0x00000000080015d8       0x62 Drivers/BSP/Components/iis2mdc/iis2mdc.o
 .text.WriteMagRegWrap
                0x000000000800163a       0x62 Drivers/BSP/Components/iis2mdc/iis2mdc.o
 .text.iis2mdc_read_reg
                0x000000000800169c       0x30 Drivers/BSP/Components/iis2mdc/iis2mdc_reg.o
                0x000000000800169c                iis2mdc_read_reg
 .text.iis2mdc_write_reg
                0x00000000080016cc       0x30 Drivers/BSP/Components/iis2mdc/iis2mdc_reg.o
                0x00000000080016cc                iis2mdc_write_reg
 .text.iis2mdc_operating_mode_set
                0x00000000080016fc       0x4c Drivers/BSP/Components/iis2mdc/iis2mdc_reg.o
                0x00000000080016fc                iis2mdc_operating_mode_set
 .text.iis2mdc_data_rate_set
                0x0000000008001748       0x4c Drivers/BSP/Components/iis2mdc/iis2mdc_reg.o
                0x0000000008001748                iis2mdc_data_rate_set
 .text.iis2mdc_block_data_update_set
                0x0000000008001794       0x4c Drivers/BSP/Components/iis2mdc/iis2mdc_reg.o
                0x0000000008001794                iis2mdc_block_data_update_set
 .text.iis2mdc_magnetic_raw_get
                0x00000000080017e0       0x96 Drivers/BSP/Components/iis2mdc/iis2mdc_reg.o
                0x00000000080017e0                iis2mdc_magnetic_raw_get
 .text.iis2mdc_self_test_set
                0x0000000008001876       0x4c Drivers/BSP/Components/iis2mdc/iis2mdc_reg.o
                0x0000000008001876                iis2mdc_self_test_set
 .text.iis2mdc_i2c_interface_set
                0x00000000080018c2       0x4c Drivers/BSP/Components/iis2mdc/iis2mdc_reg.o
                0x00000000080018c2                iis2mdc_i2c_interface_set
 *fill*         0x000000000800190e        0x2 
 .text.BSP_I2C2_Init
                0x0000000008001910       0x7c Drivers/BSP/STEVAL-STWINKT1/steval_stwinkt1_bus.o
                0x0000000008001910                BSP_I2C2_Init
 .text.BSP_I2C2_DeInit
                0x000000000800198c       0x50 Drivers/BSP/STEVAL-STWINKT1/steval_stwinkt1_bus.o
                0x000000000800198c                BSP_I2C2_DeInit
 .text.BSP_I2C2_WriteReg
                0x00000000080019dc       0x64 Drivers/BSP/STEVAL-STWINKT1/steval_stwinkt1_bus.o
                0x00000000080019dc                BSP_I2C2_WriteReg
 .text.BSP_I2C2_ReadReg
                0x0000000008001a40       0x64 Drivers/BSP/STEVAL-STWINKT1/steval_stwinkt1_bus.o
                0x0000000008001a40                BSP_I2C2_ReadReg
 .text.BSP_GetTick
                0x0000000008001aa4        0xe Drivers/BSP/STEVAL-STWINKT1/steval_stwinkt1_bus.o
                0x0000000008001aa4                BSP_GetTick
 *fill*         0x0000000008001ab2        0x2 
 .text.MX_I2C2_Init
                0x0000000008001ab4       0x88 Drivers/BSP/STEVAL-STWINKT1/steval_stwinkt1_bus.o
                0x0000000008001ab4                MX_I2C2_Init
 .text.I2C2_MspInit
                0x0000000008001b3c       0xa8 Drivers/BSP/STEVAL-STWINKT1/steval_stwinkt1_bus.o
 .text.I2C2_MspDeInit
                0x0000000008001be4       0x3c Drivers/BSP/STEVAL-STWINKT1/steval_stwinkt1_bus.o
 .text.HAL_Init
                0x0000000008001c20       0x30 Drivers/STM32L4xx_HAL_Driver/Src/stm32l4xx_hal.o
                0x0000000008001c20                HAL_Init
 .text.HAL_IncTick
                0x0000000008001c50       0x28 Drivers/STM32L4xx_HAL_Driver/Src/stm32l4xx_hal.o
                0x0000000008001c50                HAL_IncTick
 .text.HAL_GetTick
                0x0000000008001c78       0x18 Drivers/STM32L4xx_HAL_Driver/Src/stm32l4xx_hal.o
                0x0000000008001c78                HAL_GetTick
 .text.__NVIC_SetPriorityGrouping
                0x0000000008001c90       0x48 Drivers/STM32L4xx_HAL_Driver/Src/stm32l4xx_hal_cortex.o
 .text.__NVIC_GetPriorityGrouping
                0x0000000008001cd8       0x1c Drivers/STM32L4xx_HAL_Driver/Src/stm32l4xx_hal_cortex.o
 .text.__NVIC_EnableIRQ
                0x0000000008001cf4       0x3c Drivers/STM32L4xx_HAL_Driver/Src/stm32l4xx_hal_cortex.o
 .text.__NVIC_SetPriority
                0x0000000008001d30       0x54 Drivers/STM32L4xx_HAL_Driver/Src/stm32l4xx_hal_cortex.o
 .text.NVIC_EncodePriority
                0x0000000008001d84       0x66 Drivers/STM32L4xx_HAL_Driver/Src/stm32l4xx_hal_cortex.o
 .text.HAL_NVIC_SetPriorityGrouping
                0x0000000008001dea       0x16 Drivers/STM32L4xx_HAL_Driver/Src/stm32l4xx_hal_cortex.o
                0x0000000008001dea                HAL_NVIC_SetPriorityGrouping
 .text.HAL_NVIC_SetPriority
                0x0000000008001e00       0x38 Drivers/STM32L4xx_HAL_Driver/Src/stm32l4xx_hal_cortex.o
                0x0000000008001e00                HAL_NVIC_SetPriority
 .text.HAL_NVIC_EnableIRQ
                0x0000000008001e38       0x1c Drivers/STM32L4xx_HAL_Driver/Src/stm32l4xx_hal_cortex.o
                0x0000000008001e38                HAL_NVIC_EnableIRQ
 .text.HAL_GPIO_Init
                0x0000000008001e54      0x324 Drivers/STM32L4xx_HAL_Driver/Src/stm32l4xx_hal_gpio.o
                0x0000000008001e54                HAL_GPIO_Init
 .text.HAL_GPIO_DeInit
                0x0000000008002178      0x1e4 Drivers/STM32L4xx_HAL_Driver/Src/stm32l4xx_hal_gpio.o
                0x0000000008002178                HAL_GPIO_DeInit
 .text.HAL_GPIO_WritePin
                0x000000000800235c       0x30 Drivers/STM32L4xx_HAL_Driver/Src/stm32l4xx_hal_gpio.o
                0x000000000800235c                HAL_GPIO_WritePin
 .text.HAL_I2C_Init
                0x000000000800238c      0x11e Drivers/STM32L4xx_HAL_Driver/Src/stm32l4xx_hal_i2c.o
                0x000000000800238c                HAL_I2C_Init
 .text.HAL_I2C_DeInit
                0x00000000080024aa       0x5e Drivers/STM32L4xx_HAL_Driver/Src/stm32l4xx_hal_i2c.o
                0x00000000080024aa                HAL_I2C_DeInit
 .text.HAL_I2C_MspInit
                0x0000000008002508       0x14 Drivers/STM32L4xx_HAL_Driver/Src/stm32l4xx_hal_i2c.o
                0x0000000008002508                HAL_I2C_MspInit
 .text.HAL_I2C_MspDeInit
                0x000000000800251c       0x14 Drivers/STM32L4xx_HAL_Driver/Src/stm32l4xx_hal_i2c.o
                0x000000000800251c                HAL_I2C_MspDeInit
 .text.HAL_I2C_Mem_Write
                0x0000000008002530      0x228 Drivers/STM32L4xx_HAL_Driver/Src/stm32l4xx_hal_i2c.o
                0x0000000008002530                HAL_I2C_Mem_Write
 .text.HAL_I2C_Mem_Read
                0x0000000008002758      0x234 Drivers/STM32L4xx_HAL_Driver/Src/stm32l4xx_hal_i2c.o
                0x0000000008002758                HAL_I2C_Mem_Read
 .text.HAL_I2C_GetState
                0x000000000800298c       0x1c Drivers/STM32L4xx_HAL_Driver/Src/stm32l4xx_hal_i2c.o
                0x000000000800298c                HAL_I2C_GetState
 .text.HAL_I2C_GetError
                0x00000000080029a8       0x18 Drivers/STM32L4xx_HAL_Driver/Src/stm32l4xx_hal_i2c.o
                0x00000000080029a8                HAL_I2C_GetError
 .text.I2C_RequestMemoryWrite
                0x00000000080029c0       0xa8 Drivers/STM32L4xx_HAL_Driver/Src/stm32l4xx_hal_i2c.o
 .text.I2C_RequestMemoryRead
                0x0000000008002a68       0xa8 Drivers/STM32L4xx_HAL_Driver/Src/stm32l4xx_hal_i2c.o
 .text.I2C_Flush_TXDR
                0x0000000008002b10       0x48 Drivers/STM32L4xx_HAL_Driver/Src/stm32l4xx_hal_i2c.o
 .text.I2C_WaitOnFlagUntilTimeout
                0x0000000008002b58       0x80 Drivers/STM32L4xx_HAL_Driver/Src/stm32l4xx_hal_i2c.o
 .text.I2C_WaitOnTXISFlagUntilTimeout
                0x0000000008002bd8       0x80 Drivers/STM32L4xx_HAL_Driver/Src/stm32l4xx_hal_i2c.o
 .text.I2C_WaitOnSTOPFlagUntilTimeout
                0x0000000008002c58       0x78 Drivers/STM32L4xx_HAL_Driver/Src/stm32l4xx_hal_i2c.o
 .text.I2C_IsAcknowledgeFailed
                0x0000000008002cd0       0xcc Drivers/STM32L4xx_HAL_Driver/Src/stm32l4xx_hal_i2c.o
 .text.I2C_TransferConfig
                0x0000000008002d9c       0x5c Drivers/STM32L4xx_HAL_Driver/Src/stm32l4xx_hal_i2c.o
 .text.HAL_I2CEx_ConfigAnalogFilter
                0x0000000008002df8       0x96 Drivers/STM32L4xx_HAL_Driver/Src/stm32l4xx_hal_i2c_ex.o
                0x0000000008002df8                HAL_I2CEx_ConfigAnalogFilter
 .text.HAL_I2CEx_ConfigDigitalFilter
                0x0000000008002e8e       0x98 Drivers/STM32L4xx_HAL_Driver/Src/stm32l4xx_hal_i2c_ex.o
                0x0000000008002e8e                HAL_I2CEx_ConfigDigitalFilter
 *fill*         0x0000000008002f26        0x2 
 .text.HAL_PWREx_GetVoltageRange
                0x0000000008002f28       0x40 Drivers/STM32L4xx_HAL_Driver/Src/stm32l4xx_hal_pwr_ex.o
                0x0000000008002f28                HAL_PWREx_GetVoltageRange
 .text.HAL_PWREx_ControlVoltageScaling
                0x0000000008002f68      0x148 Drivers/STM32L4xx_HAL_Driver/Src/stm32l4xx_hal_pwr_ex.o
                0x0000000008002f68                HAL_PWREx_ControlVoltageScaling
 .text.HAL_PWREx_EnableVddIO2
                0x00000000080030b0       0x20 Drivers/STM32L4xx_HAL_Driver/Src/stm32l4xx_hal_pwr_ex.o
                0x00000000080030b0                HAL_PWREx_EnableVddIO2
 .text.HAL_RCC_OscConfig
                0x00000000080030d0      0x84c Drivers/STM32L4xx_HAL_Driver/Src/stm32l4xx_hal_rcc.o
                0x00000000080030d0                HAL_RCC_OscConfig
 .text.HAL_RCC_ClockConfig
                0x000000000800391c      0x258 Drivers/STM32L4xx_HAL_Driver/Src/stm32l4xx_hal_rcc.o
                0x000000000800391c                HAL_RCC_ClockConfig
 .text.HAL_RCC_GetSysClockFreq
                0x0000000008003b74      0x110 Drivers/STM32L4xx_HAL_Driver/Src/stm32l4xx_hal_rcc.o
                0x0000000008003b74                HAL_RCC_GetSysClockFreq
 .text.HAL_RCC_GetHCLKFreq
                0x0000000008003c84       0x18 Drivers/STM32L4xx_HAL_Driver/Src/stm32l4xx_hal_rcc.o
                0x0000000008003c84                HAL_RCC_GetHCLKFreq
 .text.HAL_RCC_GetPCLK1Freq
                0x0000000008003c9c       0x2c Drivers/STM32L4xx_HAL_Driver/Src/stm32l4xx_hal_rcc.o
                0x0000000008003c9c                HAL_RCC_GetPCLK1Freq
 .text.HAL_RCC_GetPCLK2Freq
                0x0000000008003cc8       0x2c Drivers/STM32L4xx_HAL_Driver/Src/stm32l4xx_hal_rcc.o
                0x0000000008003cc8                HAL_RCC_GetPCLK2Freq
 .text.HAL_RCC_GetClockConfig
                0x0000000008003cf4       0x64 Drivers/STM32L4xx_HAL_Driver/Src/stm32l4xx_hal_rcc.o
                0x0000000008003cf4                HAL_RCC_GetClockConfig
 .text.RCC_SetFlashLatencyFromMSIRange
                0x0000000008003d58       0xb4 Drivers/STM32L4xx_HAL_Driver/Src/stm32l4xx_hal_rcc.o
 .text.RCC_GetSysClockFreqFromPLLSource
                0x0000000008003e0c       0xcc Drivers/STM32L4xx_HAL_Driver/Src/stm32l4xx_hal_rcc.o
 .text.HAL_RCCEx_PeriphCLKConfig
                0x0000000008003ed8      0x710 Drivers/STM32L4xx_HAL_Driver/Src/stm32l4xx_hal_rcc_ex.o
                0x0000000008003ed8                HAL_RCCEx_PeriphCLKConfig
 .text.RCCEx_PLLSAI1_Config
                0x00000000080045e8      0x1e0 Drivers/STM32L4xx_HAL_Driver/Src/stm32l4xx_hal_rcc_ex.o
 .text.RCCEx_PLLSAI2_Config
                0x00000000080047c8      0x1e0 Drivers/STM32L4xx_HAL_Driver/Src/stm32l4xx_hal_rcc_ex.o
 .text.HAL_SPI_Init
                0x00000000080049a8      0x146 Drivers/STM32L4xx_HAL_Driver/Src/stm32l4xx_hal_spi.o
                0x00000000080049a8                HAL_SPI_Init
 .text.HAL_TIM_Base_Init
                0x0000000008004aee       0xae Drivers/STM32L4xx_HAL_Driver/Src/stm32l4xx_hal_tim.o
                0x0000000008004aee                HAL_TIM_Base_Init
 .text.HAL_TIM_Base_Start_IT
                0x0000000008004b9c       0xe0 Drivers/STM32L4xx_HAL_Driver/Src/stm32l4xx_hal_tim.o
                0x0000000008004b9c                HAL_TIM_Base_Start_IT
 .text.HAL_TIM_IRQHandler
                0x0000000008004c7c      0x23e Drivers/STM32L4xx_HAL_Driver/Src/stm32l4xx_hal_tim.o
                0x0000000008004c7c                HAL_TIM_IRQHandler
 .text.HAL_TIM_OC_DelayElapsedCallback
                0x0000000008004eba       0x14 Drivers/STM32L4xx_HAL_Driver/Src/stm32l4xx_hal_tim.o
                0x0000000008004eba                HAL_TIM_OC_DelayElapsedCallback
 .text.HAL_TIM_IC_CaptureCallback
                0x0000000008004ece       0x14 Drivers/STM32L4xx_HAL_Driver/Src/stm32l4xx_hal_tim.o
                0x0000000008004ece                HAL_TIM_IC_CaptureCallback
 .text.HAL_TIM_PWM_PulseFinishedCallback
                0x0000000008004ee2       0x14 Drivers/STM32L4xx_HAL_Driver/Src/stm32l4xx_hal_tim.o
                0x0000000008004ee2                HAL_TIM_PWM_PulseFinishedCallback
 .text.HAL_TIM_TriggerCallback
                0x0000000008004ef6       0x14 Drivers/STM32L4xx_HAL_Driver/Src/stm32l4xx_hal_tim.o
                0x0000000008004ef6                HAL_TIM_TriggerCallback
 *fill*         0x0000000008004f0a        0x2 
 .text.TIM_Base_SetConfig
                0x0000000008004f0c      0x134 Drivers/STM32L4xx_HAL_Driver/Src/stm32l4xx_hal_tim.o
                0x0000000008004f0c                TIM_Base_SetConfig
 .text.HAL_TIMEx_CommutCallback
                0x0000000008005040       0x14 Drivers/STM32L4xx_HAL_Driver/Src/stm32l4xx_hal_tim_ex.o
                0x0000000008005040                HAL_TIMEx_CommutCallback
 .text.HAL_TIMEx_BreakCallback
                0x0000000008005054       0x14 Drivers/STM32L4xx_HAL_Driver/Src/stm32l4xx_hal_tim_ex.o
                0x0000000008005054                HAL_TIMEx_BreakCallback
 .text.HAL_TIMEx_Break2Callback
                0x0000000008005068       0x14 Drivers/STM32L4xx_HAL_Driver/Src/stm32l4xx_hal_tim_ex.o
                0x0000000008005068                HAL_TIMEx_Break2Callback
 .text.HAL_UART_Init
                0x000000000800507c       0xa0 Drivers/STM32L4xx_HAL_Driver/Src/stm32l4xx_hal_uart.o
                0x000000000800507c                HAL_UART_Init
 .text.HAL_UART_Transmit
                0x000000000800511c      0x12e Drivers/STM32L4xx_HAL_Driver/Src/stm32l4xx_hal_uart.o
                0x000000000800511c                HAL_UART_Transmit
 *fill*         0x000000000800524a        0x2 
 .text.UART_SetConfig
                0x000000000800524c      0x5a4 Drivers/STM32L4xx_HAL_Driver/Src/stm32l4xx_hal_uart.o
                0x000000000800524c                UART_SetConfig
 .text.UART_AdvFeatureConfig
                0x00000000080057f0      0x144 Drivers/STM32L4xx_HAL_Driver/Src/stm32l4xx_hal_uart.o
                0x00000000080057f0                UART_AdvFeatureConfig
 .text.UART_CheckIdleState
                0x0000000008005934       0x90 Drivers/STM32L4xx_HAL_Driver/Src/stm32l4xx_hal_uart.o
                0x0000000008005934                UART_CheckIdleState
 .text.UART_WaitOnFlagUntilTimeout
                0x00000000080059c4      0x100 Drivers/STM32L4xx_HAL_Driver/Src/stm32l4xx_hal_uart.o
                0x00000000080059c4                UART_WaitOnFlagUntilTimeout
 .text.HAL_UARTEx_DisableFifoMode
                0x0000000008005ac4       0x72 Drivers/STM32L4xx_HAL_Driver/Src/stm32l4xx_hal_uart_ex.o
                0x0000000008005ac4                HAL_UARTEx_DisableFifoMode
 .text.HAL_UARTEx_SetTxFifoThreshold
                0x0000000008005b36       0x7c Drivers/STM32L4xx_HAL_Driver/Src/stm32l4xx_hal_uart_ex.o
                0x0000000008005b36                HAL_UARTEx_SetTxFifoThreshold
 .text.HAL_UARTEx_SetRxFifoThreshold
                0x0000000008005bb2       0x7c Drivers/STM32L4xx_HAL_Driver/Src/stm32l4xx_hal_uart_ex.o
                0x0000000008005bb2                HAL_UARTEx_SetRxFifoThreshold
 *fill*         0x0000000008005c2e        0x2 
 .text.UARTEx_SetNbDataToProcess
                0x0000000008005c30       0xd0 Drivers/STM32L4xx_HAL_Driver/Src/stm32l4xx_hal_uart_ex.o
 .text.makeFreeRtosPriority
                0x0000000008005d00       0x30 Middlewares/Third_Party/FreeRTOS/Source/CMSIS_RTOS/cmsis_os.o
 .text.inHandlerMode
                0x0000000008005d30       0x24 Middlewares/Third_Party/FreeRTOS/Source/CMSIS_RTOS/cmsis_os.o
 .text.osKernelStart
                0x0000000008005d54        0xe Middlewares/Third_Party/FreeRTOS/Source/CMSIS_RTOS/cmsis_os.o
                0x0000000008005d54                osKernelStart
 .text.osThreadCreate
                0x0000000008005d62       0x98 Middlewares/Third_Party/FreeRTOS/Source/CMSIS_RTOS/cmsis_os.o
                0x0000000008005d62                osThreadCreate
 .text.osDelay  0x0000000008005dfa       0x28 Middlewares/Third_Party/FreeRTOS/Source/CMSIS_RTOS/cmsis_os.o
                0x0000000008005dfa                osDelay
 .text.osSemaphoreCreate
                0x0000000008005e22       0x66 Middlewares/Third_Party/FreeRTOS/Source/CMSIS_RTOS/cmsis_os.o
                0x0000000008005e22                osSemaphoreCreate
 .text.osSemaphoreWait
                0x0000000008005e88       0x9c Middlewares/Third_Party/FreeRTOS/Source/CMSIS_RTOS/cmsis_os.o
                0x0000000008005e88                osSemaphoreWait
 .text.osSemaphoreRelease
                0x0000000008005f24       0x6c Middlewares/Third_Party/FreeRTOS/Source/CMSIS_RTOS/cmsis_os.o
                0x0000000008005f24                osSemaphoreRelease
 .text.vListInitialise
                0x0000000008005f90       0x40 Middlewares/Third_Party/FreeRTOS/Source/list.o
                0x0000000008005f90                vListInitialise
 .text.vListInitialiseItem
                0x0000000008005fd0       0x1a Middlewares/Third_Party/FreeRTOS/Source/list.o
                0x0000000008005fd0                vListInitialiseItem
 .text.vListInsertEnd
                0x0000000008005fea       0x48 Middlewares/Third_Party/FreeRTOS/Source/list.o
                0x0000000008005fea                vListInsertEnd
 .text.vListInsert
                0x0000000008006032       0x72 Middlewares/Third_Party/FreeRTOS/Source/list.o
                0x0000000008006032                vListInsert
 .text.uxListRemove
                0x00000000080060a4       0x54 Middlewares/Third_Party/FreeRTOS/Source/list.o
                0x00000000080060a4                uxListRemove
 .text.xQueueGenericReset
                0x00000000080060f8       0xd0 Middlewares/Third_Party/FreeRTOS/Source/queue.o
                0x00000000080060f8                xQueueGenericReset
 .text.xQueueGenericCreateStatic
                0x00000000080061c8       0xe6 Middlewares/Third_Party/FreeRTOS/Source/queue.o
                0x00000000080061c8                xQueueGenericCreateStatic
 .text.xQueueGenericCreate
                0x00000000080062ae       0x7e Middlewares/Third_Party/FreeRTOS/Source/queue.o
                0x00000000080062ae                xQueueGenericCreate
 .text.prvInitialiseNewQueue
                0x000000000800632c       0x3e Middlewares/Third_Party/FreeRTOS/Source/queue.o
 *fill*         0x000000000800636a        0x2 
 .text.xQueueGenericSend
                0x000000000800636c      0x1f4 Middlewares/Third_Party/FreeRTOS/Source/queue.o
                0x000000000800636c                xQueueGenericSend
 .text.xQueueGiveFromISR
                0x0000000008006560      0x112 Middlewares/Third_Party/FreeRTOS/Source/queue.o
                0x0000000008006560                xQueueGiveFromISR
 *fill*         0x0000000008006672        0x2 
 .text.xQueueSemaphoreTake
                0x0000000008006674      0x210 Middlewares/Third_Party/FreeRTOS/Source/queue.o
                0x0000000008006674                xQueueSemaphoreTake
 .text.xQueueReceiveFromISR
                0x0000000008006884       0xfa Middlewares/Third_Party/FreeRTOS/Source/queue.o
                0x0000000008006884                xQueueReceiveFromISR
 .text.prvGetDisinheritPriorityAfterTimeout
                0x000000000800697e       0x30 Middlewares/Third_Party/FreeRTOS/Source/queue.o
 .text.prvCopyDataToQueue
                0x00000000080069ae       0xd4 Middlewares/Third_Party/FreeRTOS/Source/queue.o
 .text.prvCopyDataFromQueue
                0x0000000008006a82       0x4c Middlewares/Third_Party/FreeRTOS/Source/queue.o
 .text.prvUnlockQueue
                0x0000000008006ace       0xa4 Middlewares/Third_Party/FreeRTOS/Source/queue.o
 .text.prvIsQueueEmpty
                0x0000000008006b72       0x2c Middlewares/Third_Party/FreeRTOS/Source/queue.o
 .text.prvIsQueueFull
                0x0000000008006b9e       0x30 Middlewares/Third_Party/FreeRTOS/Source/queue.o
 .text.xTaskCreateStatic
                0x0000000008006bce       0xb4 Middlewares/Third_Party/FreeRTOS/Source/tasks.o
                0x0000000008006bce                xTaskCreateStatic
 .text.xTaskCreate
                0x0000000008006c82       0x8a Middlewares/Third_Party/FreeRTOS/Source/tasks.o
                0x0000000008006c82                xTaskCreate
 .text.prvInitialiseNewTask
                0x0000000008006d0c      0x10c Middlewares/Third_Party/FreeRTOS/Source/tasks.o
 .text.prvAddNewTaskToReadyList
                0x0000000008006e18       0xd4 Middlewares/Third_Party/FreeRTOS/Source/tasks.o
 .text.vTaskDelay
                0x0000000008006eec       0x68 Middlewares/Third_Party/FreeRTOS/Source/tasks.o
                0x0000000008006eec                vTaskDelay
 .text.vTaskStartScheduler
                0x0000000008006f54       0xbc Middlewares/Third_Party/FreeRTOS/Source/tasks.o
                0x0000000008006f54                vTaskStartScheduler
 .text.vTaskSuspendAll
                0x0000000008007010       0x1c Middlewares/Third_Party/FreeRTOS/Source/tasks.o
                0x0000000008007010                vTaskSuspendAll
 .text.xTaskResumeAll
                0x000000000800702c      0x138 Middlewares/Third_Party/FreeRTOS/Source/tasks.o
                0x000000000800702c                xTaskResumeAll
 .text.xTaskIncrementTick
                0x0000000008007164      0x170 Middlewares/Third_Party/FreeRTOS/Source/tasks.o
                0x0000000008007164                xTaskIncrementTick
 .text.vTaskSwitchContext
                0x00000000080072d4       0xb4 Middlewares/Third_Party/FreeRTOS/Source/tasks.o
                0x00000000080072d4                vTaskSwitchContext
 .text.vTaskPlaceOnEventList
                0x0000000008007388       0x48 Middlewares/Third_Party/FreeRTOS/Source/tasks.o
                0x0000000008007388                vTaskPlaceOnEventList
 .text.xTaskRemoveFromEventList
                0x00000000080073d0       0xc4 Middlewares/Third_Party/FreeRTOS/Source/tasks.o
                0x00000000080073d0                xTaskRemoveFromEventList
 .text.vTaskInternalSetTimeOutState
                0x0000000008007494       0x2c Middlewares/Third_Party/FreeRTOS/Source/tasks.o
                0x0000000008007494                vTaskInternalSetTimeOutState
 .text.xTaskCheckForTimeOut
                0x00000000080074c0       0xc0 Middlewares/Third_Party/FreeRTOS/Source/tasks.o
                0x00000000080074c0                xTaskCheckForTimeOut
 .text.vTaskMissedYield
                0x0000000008007580       0x18 Middlewares/Third_Party/FreeRTOS/Source/tasks.o
                0x0000000008007580                vTaskMissedYield
 .text.prvIdleTask
                0x0000000008007598       0x30 Middlewares/Third_Party/FreeRTOS/Source/tasks.o
 .text.prvInitialiseTaskLists
                0x00000000080075c8       0x80 Middlewares/Third_Party/FreeRTOS/Source/tasks.o
 .text.prvCheckTasksWaitingTermination
                0x0000000008007648       0x58 Middlewares/Third_Party/FreeRTOS/Source/tasks.o
 .text.prvDeleteTCB
                0x00000000080076a0       0x5c Middlewares/Third_Party/FreeRTOS/Source/tasks.o
 .text.prvResetNextTaskUnblockTime
                0x00000000080076fc       0x40 Middlewares/Third_Party/FreeRTOS/Source/tasks.o
 .text.xTaskGetSchedulerState
                0x000000000800773c       0x3c Middlewares/Third_Party/FreeRTOS/Source/tasks.o
                0x000000000800773c                xTaskGetSchedulerState
 .text.xTaskPriorityInherit
                0x0000000008007778      0x100 Middlewares/Third_Party/FreeRTOS/Source/tasks.o
                0x0000000008007778                xTaskPriorityInherit
 .text.xTaskPriorityDisinherit
                0x0000000008007878      0x108 Middlewares/Third_Party/FreeRTOS/Source/tasks.o
                0x0000000008007878                xTaskPriorityDisinherit
 .text.vTaskPriorityDisinheritAfterTimeout
                0x0000000008007980      0x130 Middlewares/Third_Party/FreeRTOS/Source/tasks.o
                0x0000000008007980                vTaskPriorityDisinheritAfterTimeout
 .text.pvTaskIncrementMutexHeldCount
                0x0000000008007ab0       0x28 Middlewares/Third_Party/FreeRTOS/Source/tasks.o
                0x0000000008007ab0                pvTaskIncrementMutexHeldCount
 .text.prvAddCurrentTaskToDelayedList
                0x0000000008007ad8       0xcc Middlewares/Third_Party/FreeRTOS/Source/tasks.o
 .text.pxPortInitialiseStack
                0x0000000008007ba4       0x68 Middlewares/Third_Party/FreeRTOS/Source/portable/GCC/ARM_CM4F/port.o
                0x0000000008007ba4                pxPortInitialiseStack
 .text.prvTaskExitError
                0x0000000008007c0c       0x54 Middlewares/Third_Party/FreeRTOS/Source/portable/GCC/ARM_CM4F/port.o
 .text.SVC_Handler
                0x0000000008007c60       0x28 Middlewares/Third_Party/FreeRTOS/Source/portable/GCC/ARM_CM4F/port.o
                0x0000000008007c60                SVC_Handler
 .text.prvPortStartFirstTask
                0x0000000008007c88       0x28 Middlewares/Third_Party/FreeRTOS/Source/portable/GCC/ARM_CM4F/port.o
 .text.xPortStartScheduler
                0x0000000008007cb0      0x13c Middlewares/Third_Party/FreeRTOS/Source/portable/GCC/ARM_CM4F/port.o
                0x0000000008007cb0                xPortStartScheduler
 .text.vPortEnterCritical
                0x0000000008007dec       0x5c Middlewares/Third_Party/FreeRTOS/Source/portable/GCC/ARM_CM4F/port.o
                0x0000000008007dec                vPortEnterCritical
 .text.vPortExitCritical
                0x0000000008007e48       0x50 Middlewares/Third_Party/FreeRTOS/Source/portable/GCC/ARM_CM4F/port.o
                0x0000000008007e48                vPortExitCritical
 *fill*         0x0000000008007e98        0x8 
 .text.PendSV_Handler
                0x0000000008007ea0       0x68 Middlewares/Third_Party/FreeRTOS/Source/portable/GCC/ARM_CM4F/port.o
                0x0000000008007ea0                PendSV_Handler
 .text.SysTick_Handler
                0x0000000008007f08       0x40 Middlewares/Third_Party/FreeRTOS/Source/portable/GCC/ARM_CM4F/port.o
                0x0000000008007f08                SysTick_Handler
 .text.vPortSetupTimerInterrupt
                0x0000000008007f48       0x48 Middlewares/Third_Party/FreeRTOS/Source/portable/GCC/ARM_CM4F/port.o
                0x0000000008007f48                vPortSetupTimerInterrupt
 .text.vPortEnableVFP
                0x0000000008007f90       0x14 Middlewares/Third_Party/FreeRTOS/Source/portable/GCC/ARM_CM4F/port.o
 .text.vPortValidateInterruptPriority
                0x0000000008007fa4       0x7c Middlewares/Third_Party/FreeRTOS/Source/portable/GCC/ARM_CM4F/port.o
                0x0000000008007fa4                vPortValidateInterruptPriority
 .text.pvPortMalloc
                0x0000000008008020      0x184 Middlewares/Third_Party/FreeRTOS/Source/portable/MemMang/heap_4.o
                0x0000000008008020                pvPortMalloc
 .text.vPortFree
                0x00000000080081a4       0xb0 Middlewares/Third_Party/FreeRTOS/Source/portable/MemMang/heap_4.o
                0x00000000080081a4                vPortFree
 .text.prvHeapInit
                0x0000000008008254       0xc4 Middlewares/Third_Party/FreeRTOS/Source/portable/MemMang/heap_4.o
 .text.prvInsertBlockIntoFreeList
                0x0000000008008318       0xb4 Middlewares/Third_Party/FreeRTOS/Source/portable/MemMang/heap_4.o
 .text.__libc_init_array
                0x00000000080083cc       0x48 d:/archivosdprograma/stm32cubeide_1.5.0/stm32cubeide/plugins/com.st.stm32cube.ide.mcu.externaltools.gnu-tools-for-stm32.7-2018-q2-update.win32_1.5.0.202011040924/tools/bin/../lib/gcc/arm-none-eabi/7.3.1/../../../../arm-none-eabi/lib/thumb/v7e-m/fpv4-sp/hard\libc_nano.a(lib_a-init.o)
                0x00000000080083cc                __libc_init_array
 .text.memcpy   0x0000000008008414       0x16 d:/archivosdprograma/stm32cubeide_1.5.0/stm32cubeide/plugins/com.st.stm32cube.ide.mcu.externaltools.gnu-tools-for-stm32.7-2018-q2-update.win32_1.5.0.202011040924/tools/bin/../lib/gcc/arm-none-eabi/7.3.1/../../../../arm-none-eabi/lib/thumb/v7e-m/fpv4-sp/hard\libc_nano.a(lib_a-memcpy-stub.o)
                0x0000000008008414                memcpy
 .text.memset   0x000000000800842a       0x10 d:/archivosdprograma/stm32cubeide_1.5.0/stm32cubeide/plugins/com.st.stm32cube.ide.mcu.externaltools.gnu-tools-for-stm32.7-2018-q2-update.win32_1.5.0.202011040924/tools/bin/../lib/gcc/arm-none-eabi/7.3.1/../../../../arm-none-eabi/lib/thumb/v7e-m/fpv4-sp/hard\libc_nano.a(lib_a-memset.o)
                0x000000000800842a                memset
 *(.glue_7)
 .glue_7        0x000000000800843a        0x0 linker stubs
 *(.glue_7t)
 .glue_7t       0x000000000800843a        0x0 linker stubs
 *(.eh_frame)
 *fill*         0x000000000800843a        0x2 
 .eh_frame      0x000000000800843c        0x0 d:/archivosdprograma/stm32cubeide_1.5.0/stm32cubeide/plugins/com.st.stm32cube.ide.mcu.externaltools.gnu-tools-for-stm32.7-2018-q2-update.win32_1.5.0.202011040924/tools/bin/../lib/gcc/arm-none-eabi/7.3.1/thumb/v7e-m/fpv4-sp/hard/crtbegin.o
 *(.init)
 .init          0x000000000800843c        0x4 d:/archivosdprograma/stm32cubeide_1.5.0/stm32cubeide/plugins/com.st.stm32cube.ide.mcu.externaltools.gnu-tools-for-stm32.7-2018-q2-update.win32_1.5.0.202011040924/tools/bin/../lib/gcc/arm-none-eabi/7.3.1/thumb/v7e-m/fpv4-sp/hard/crti.o
                0x000000000800843c                _init
 .init          0x0000000008008440        0x8 d:/archivosdprograma/stm32cubeide_1.5.0/stm32cubeide/plugins/com.st.stm32cube.ide.mcu.externaltools.gnu-tools-for-stm32.7-2018-q2-update.win32_1.5.0.202011040924/tools/bin/../lib/gcc/arm-none-eabi/7.3.1/thumb/v7e-m/fpv4-sp/hard/crtn.o
 *(.fini)
 .fini          0x0000000008008448        0x4 d:/archivosdprograma/stm32cubeide_1.5.0/stm32cubeide/plugins/com.st.stm32cube.ide.mcu.externaltools.gnu-tools-for-stm32.7-2018-q2-update.win32_1.5.0.202011040924/tools/bin/../lib/gcc/arm-none-eabi/7.3.1/thumb/v7e-m/fpv4-sp/hard/crti.o
                0x0000000008008448                _fini
 .fini          0x000000000800844c        0x8 d:/archivosdprograma/stm32cubeide_1.5.0/stm32cubeide/plugins/com.st.stm32cube.ide.mcu.externaltools.gnu-tools-for-stm32.7-2018-q2-update.win32_1.5.0.202011040924/tools/bin/../lib/gcc/arm-none-eabi/7.3.1/thumb/v7e-m/fpv4-sp/hard/crtn.o
                0x0000000008008454                . = ALIGN (0x4)
                0x0000000008008454                _etext = .

.vfp11_veneer   0x0000000008008454        0x0
 .vfp11_veneer  0x0000000008008454        0x0 linker stubs

.v4_bx          0x0000000008008454        0x0
 .v4_bx         0x0000000008008454        0x0 linker stubs

.iplt           0x0000000008008454        0x0
 .iplt          0x0000000008008454        0x0 d:/archivosdprograma/stm32cubeide_1.5.0/stm32cubeide/plugins/com.st.stm32cube.ide.mcu.externaltools.gnu-tools-for-stm32.7-2018-q2-update.win32_1.5.0.202011040924/tools/bin/../lib/gcc/arm-none-eabi/7.3.1/thumb/v7e-m/fpv4-sp/hard/crtbegin.o

.rodata         0x0000000008008454       0xe4
                0x0000000008008454                . = ALIGN (0x4)
 *(.rodata)
 .rodata        0x0000000008008454       0x6c Core/Src/main.o
 .rodata        0x00000000080084c0       0x10 Drivers/STM32L4xx_HAL_Driver/Src/stm32l4xx_hal_uart_ex.o
 .rodata        0x00000000080084d0        0x5 Middlewares/Third_Party/FreeRTOS/Source/tasks.o
 *(.rodata*)
 *fill*         0x00000000080084d5        0x3 
 .rodata.AHBPrescTable
                0x00000000080084d8       0x10 Core/Src/system_stm32l4xx.o
                0x00000000080084d8                AHBPrescTable
 .rodata.APBPrescTable
                0x00000000080084e8        0x8 Core/Src/system_stm32l4xx.o
                0x00000000080084e8                APBPrescTable
 .rodata.MSIRangeTable
                0x00000000080084f0       0x30 Core/Src/system_stm32l4xx.o
                0x00000000080084f0                MSIRangeTable
 .rodata.UARTPrescTable
                0x0000000008008520       0x18 Drivers/STM32L4xx_HAL_Driver/Src/stm32l4xx_hal_uart.o
                0x0000000008008520                UARTPrescTable
                0x0000000008008538                . = ALIGN (0x4)

.ARM.extab      0x0000000008008538        0x0
                0x0000000008008538                . = ALIGN (0x4)
 *(.ARM.extab* .gnu.linkonce.armextab.*)
                0x0000000008008538                . = ALIGN (0x4)

.ARM            0x0000000008008538        0x8
                0x0000000008008538                . = ALIGN (0x4)
                0x0000000008008538                __exidx_start = .
 *(.ARM.exidx*)
 .ARM.exidx     0x0000000008008538        0x8 d:/archivosdprograma/stm32cubeide_1.5.0/stm32cubeide/plugins/com.st.stm32cube.ide.mcu.externaltools.gnu-tools-for-stm32.7-2018-q2-update.win32_1.5.0.202011040924/tools/bin/../lib/gcc/arm-none-eabi/7.3.1/thumb/v7e-m/fpv4-sp/hard\libgcc.a(_udivmoddi4.o)
                0x0000000008008540                __exidx_end = .
                0x0000000008008540                . = ALIGN (0x4)

.rel.dyn        0x0000000008008540        0x0
 .rel.iplt      0x0000000008008540        0x0 d:/archivosdprograma/stm32cubeide_1.5.0/stm32cubeide/plugins/com.st.stm32cube.ide.mcu.externaltools.gnu-tools-for-stm32.7-2018-q2-update.win32_1.5.0.202011040924/tools/bin/../lib/gcc/arm-none-eabi/7.3.1/thumb/v7e-m/fpv4-sp/hard/crtbegin.o

.preinit_array  0x0000000008008540        0x0
                0x0000000008008540                . = ALIGN (0x4)
                0x0000000008008540                PROVIDE (__preinit_array_start = .)
 *(.preinit_array*)
                0x0000000008008540                PROVIDE (__preinit_array_end = .)
                0x0000000008008540                . = ALIGN (0x4)

.init_array     0x0000000008008540        0x4
                0x0000000008008540                . = ALIGN (0x4)
                0x0000000008008540                PROVIDE (__init_array_start = .)
 *(SORT_BY_NAME(.init_array.*))
 *(.init_array*)
 .init_array    0x0000000008008540        0x4 d:/archivosdprograma/stm32cubeide_1.5.0/stm32cubeide/plugins/com.st.stm32cube.ide.mcu.externaltools.gnu-tools-for-stm32.7-2018-q2-update.win32_1.5.0.202011040924/tools/bin/../lib/gcc/arm-none-eabi/7.3.1/thumb/v7e-m/fpv4-sp/hard/crtbegin.o
                0x0000000008008544                PROVIDE (__init_array_end = .)
                0x0000000008008544                . = ALIGN (0x4)

.fini_array     0x0000000008008544        0x4
                0x0000000008008544                . = ALIGN (0x4)
                [!provide]                        PROVIDE (__fini_array_start = .)
 *(SORT_BY_NAME(.fini_array.*))
 *(.fini_array*)
 .fini_array    0x0000000008008544        0x4 d:/archivosdprograma/stm32cubeide_1.5.0/stm32cubeide/plugins/com.st.stm32cube.ide.mcu.externaltools.gnu-tools-for-stm32.7-2018-q2-update.win32_1.5.0.202011040924/tools/bin/../lib/gcc/arm-none-eabi/7.3.1/thumb/v7e-m/fpv4-sp/hard/crtbegin.o
                [!provide]                        PROVIDE (__fini_array_end = .)
                0x0000000008008548                . = ALIGN (0x4)
                0x0000000008008548                _sidata = LOADADDR (.data)

.data           0x0000000020000000       0x10 load address 0x0000000008008548
                0x0000000020000000                . = ALIGN (0x4)
                0x0000000020000000                _sdata = .
 *(.data)
 *(.data*)
 .data.SystemCoreClock
                0x0000000020000000        0x4 Core/Src/system_stm32l4xx.o
                0x0000000020000000                SystemCoreClock
 .data.uwTickPrio
                0x0000000020000004        0x4 Drivers/STM32L4xx_HAL_Driver/Src/stm32l4xx_hal.o
                0x0000000020000004                uwTickPrio
 .data.uwTickFreq
                0x0000000020000008        0x1 Drivers/STM32L4xx_HAL_Driver/Src/stm32l4xx_hal.o
                0x0000000020000008                uwTickFreq
 *fill*         0x0000000020000009        0x3 
 .data.uxCriticalNesting
                0x000000002000000c        0x4 Middlewares/Third_Party/FreeRTOS/Source/portable/GCC/ARM_CM4F/port.o
 *(.RamFunc)
 *(.RamFunc*)
                0x0000000020000010                . = ALIGN (0x4)
                0x0000000020000010                _edata = .

.igot.plt       0x0000000020000010        0x0 load address 0x0000000008008558
 .igot.plt      0x0000000020000010        0x0 d:/archivosdprograma/stm32cubeide_1.5.0/stm32cubeide/plugins/com.st.stm32cube.ide.mcu.externaltools.gnu-tools-for-stm32.7-2018-q2-update.win32_1.5.0.202011040924/tools/bin/../lib/gcc/arm-none-eabi/7.3.1/thumb/v7e-m/fpv4-sp/hard/crtbegin.o
                0x0000000020000010                . = ALIGN (0x4)

.bss            0x0000000020000010     0x124c load address 0x0000000008008558
                0x0000000020000010                _sbss = .
                0x0000000020000010                __bss_start__ = _sbss
 *(.bss)
 .bss           0x0000000020000010       0x1c d:/archivosdprograma/stm32cubeide_1.5.0/stm32cubeide/plugins/com.st.stm32cube.ide.mcu.externaltools.gnu-tools-for-stm32.7-2018-q2-update.win32_1.5.0.202011040924/tools/bin/../lib/gcc/arm-none-eabi/7.3.1/thumb/v7e-m/fpv4-sp/hard/crtbegin.o
 *(.bss*)
 .bss.xIdleTaskTCBBuffer
                0x000000002000002c       0x54 Core/Src/freertos.o
 .bss.xIdleStack
                0x0000000020000080      0x200 Core/Src/freertos.o
 .bss.Inicio    0x0000000020000280        0x1 Core/Src/main.o
                0x0000000020000280                Inicio
 *fill*         0x0000000020000281        0x3 
 .bss.I2C2InitCounter
                0x0000000020000284        0x4 Drivers/BSP/STEVAL-STWINKT1/steval_stwinkt1_bus.o
 .bss.pxCurrentTCB
                0x0000000020000288        0x4 Middlewares/Third_Party/FreeRTOS/Source/tasks.o
                0x0000000020000288                pxCurrentTCB
 .bss.pxReadyTasksLists
                0x000000002000028c       0x8c Middlewares/Third_Party/FreeRTOS/Source/tasks.o
 .bss.xDelayedTaskList1
                0x0000000020000318       0x14 Middlewares/Third_Party/FreeRTOS/Source/tasks.o
 .bss.xDelayedTaskList2
                0x000000002000032c       0x14 Middlewares/Third_Party/FreeRTOS/Source/tasks.o
 .bss.pxDelayedTaskList
                0x0000000020000340        0x4 Middlewares/Third_Party/FreeRTOS/Source/tasks.o
 .bss.pxOverflowDelayedTaskList
                0x0000000020000344        0x4 Middlewares/Third_Party/FreeRTOS/Source/tasks.o
 .bss.xPendingReadyList
                0x0000000020000348       0x14 Middlewares/Third_Party/FreeRTOS/Source/tasks.o
 .bss.xTasksWaitingTermination
                0x000000002000035c       0x14 Middlewares/Third_Party/FreeRTOS/Source/tasks.o
 .bss.uxDeletedTasksWaitingCleanUp
                0x0000000020000370        0x4 Middlewares/Third_Party/FreeRTOS/Source/tasks.o
 .bss.xSuspendedTaskList
                0x0000000020000374       0x14 Middlewares/Third_Party/FreeRTOS/Source/tasks.o
 .bss.uxCurrentNumberOfTasks
                0x0000000020000388        0x4 Middlewares/Third_Party/FreeRTOS/Source/tasks.o
 .bss.xTickCount
                0x000000002000038c        0x4 Middlewares/Third_Party/FreeRTOS/Source/tasks.o
 .bss.uxTopReadyPriority
                0x0000000020000390        0x4 Middlewares/Third_Party/FreeRTOS/Source/tasks.o
 .bss.xSchedulerRunning
                0x0000000020000394        0x4 Middlewares/Third_Party/FreeRTOS/Source/tasks.o
 .bss.uxPendedTicks
                0x0000000020000398        0x4 Middlewares/Third_Party/FreeRTOS/Source/tasks.o
 .bss.xYieldPending
                0x000000002000039c        0x4 Middlewares/Third_Party/FreeRTOS/Source/tasks.o
 .bss.xNumOfOverflows
                0x00000000200003a0        0x4 Middlewares/Third_Party/FreeRTOS/Source/tasks.o
 .bss.uxTaskNumber
                0x00000000200003a4        0x4 Middlewares/Third_Party/FreeRTOS/Source/tasks.o
 .bss.xNextTaskUnblockTime
                0x00000000200003a8        0x4 Middlewares/Third_Party/FreeRTOS/Source/tasks.o
 .bss.xIdleTaskHandle
                0x00000000200003ac        0x4 Middlewares/Third_Party/FreeRTOS/Source/tasks.o
 .bss.uxSchedulerSuspended
                0x00000000200003b0        0x4 Middlewares/Third_Party/FreeRTOS/Source/tasks.o
 .bss.ucMaxSysCallPriority
                0x00000000200003b4        0x1 Middlewares/Third_Party/FreeRTOS/Source/portable/GCC/ARM_CM4F/port.o
 *fill*         0x00000000200003b5        0x3 
 .bss.ulMaxPRIGROUPValue
                0x00000000200003b8        0x4 Middlewares/Third_Party/FreeRTOS/Source/portable/GCC/ARM_CM4F/port.o
 .bss.ucHeap    0x00000000200003bc      0xbb8 Middlewares/Third_Party/FreeRTOS/Source/portable/MemMang/heap_4.o
 .bss.xStart    0x0000000020000f74        0x8 Middlewares/Third_Party/FreeRTOS/Source/portable/MemMang/heap_4.o
 .bss.pxEnd     0x0000000020000f7c        0x4 Middlewares/Third_Party/FreeRTOS/Source/portable/MemMang/heap_4.o
 .bss.xFreeBytesRemaining
                0x0000000020000f80        0x4 Middlewares/Third_Party/FreeRTOS/Source/portable/MemMang/heap_4.o
 .bss.xMinimumEverFreeBytesRemaining
                0x0000000020000f84        0x4 Middlewares/Third_Party/FreeRTOS/Source/portable/MemMang/heap_4.o
 .bss.xBlockAllocatedBit
                0x0000000020000f88        0x4 Middlewares/Third_Party/FreeRTOS/Source/portable/MemMang/heap_4.o
 *(COMMON)
 COMMON         0x0000000020000f8c      0x234 Core/Src/main.o
                0x0000000020000f8c                acc_IO
                0x0000000020000fa8                hspi3
                0x000000002000100c                amicPool_id
                0x0000000020001010                SemaforoUARTHandle
                0x0000000020001014                Task1Handle
                0x0000000020001018                buffer
                0x0000000020001054                acc_axes
                0x000000002000105c                magneto_sensor
                0x0000000020001088                acc_Obj
                0x00000000200010b4                Task3Handle
                0x00000000200010b8                Task2Handle
                0x00000000200010bc                magneto_IO
                0x00000000200010d8                SemaforoLEDHandle
                0x00000000200010dc                huart2
                0x0000000020001168                htim16
                0x00000000200011b4                magneto_axes
 COMMON         0x00000000200011c0       0x4c Core/Src/stm32l4xx_hal_timebase_tim.o
                0x00000000200011c0                htim6
 COMMON         0x000000002000120c       0x4c Drivers/BSP/STEVAL-STWINKT1/steval_stwinkt1_bus.o
                0x000000002000120c                hi2c2
 COMMON         0x0000000020001258        0x4 Drivers/STM32L4xx_HAL_Driver/Src/stm32l4xx_hal.o
                0x0000000020001258                uwTick
                0x000000002000125c                . = ALIGN (0x4)
                0x000000002000125c                _ebss = .
                0x000000002000125c                __bss_end__ = _ebss

._user_heap_stack
                0x000000002000125c      0x604 load address 0x0000000008008558
                0x0000000020001260                . = ALIGN (0x8)
 *fill*         0x000000002000125c        0x4 
                [!provide]                        PROVIDE (end = .)
                0x0000000020001260                PROVIDE (_end = .)
                0x0000000020001460                . = (. + _Min_Heap_Size)
 *fill*         0x0000000020001260      0x200 
                0x0000000020001860                . = (. + _Min_Stack_Size)
 *fill*         0x0000000020001460      0x400 
                0x0000000020001860                . = ALIGN (0x8)

/DISCARD/
 libc.a(*)
 libm.a(*)
 libgcc.a(*)

.ARM.attributes
                0x0000000000000000       0x30
 *(.ARM.attributes)
 .ARM.attributes
                0x0000000000000000       0x22 d:/archivosdprograma/stm32cubeide_1.5.0/stm32cubeide/plugins/com.st.stm32cube.ide.mcu.externaltools.gnu-tools-for-stm32.7-2018-q2-update.win32_1.5.0.202011040924/tools/bin/../lib/gcc/arm-none-eabi/7.3.1/thumb/v7e-m/fpv4-sp/hard/crti.o
 .ARM.attributes
                0x0000000000000022       0x34 d:/archivosdprograma/stm32cubeide_1.5.0/stm32cubeide/plugins/com.st.stm32cube.ide.mcu.externaltools.gnu-tools-for-stm32.7-2018-q2-update.win32_1.5.0.202011040924/tools/bin/../lib/gcc/arm-none-eabi/7.3.1/thumb/v7e-m/fpv4-sp/hard/crtbegin.o
 .ARM.attributes
                0x0000000000000056       0x39 Core/Src/freertos.o
 .ARM.attributes
                0x000000000000008f       0x39 Core/Src/main.o
 .ARM.attributes
                0x00000000000000c8       0x39 Core/Src/stm32l4xx_hal_msp.o
 .ARM.attributes
                0x0000000000000101       0x39 Core/Src/stm32l4xx_hal_timebase_tim.o
 .ARM.attributes
                0x000000000000013a       0x39 Core/Src/stm32l4xx_it.o
 .ARM.attributes
                0x0000000000000173       0x39 Core/Src/system_stm32l4xx.o
 .ARM.attributes
                0x00000000000001ac       0x21 Core/Startup/startup_stm32l4r9zijx.o
 .ARM.attributes
                0x00000000000001cd       0x39 Drivers/BSP/Components/iis2mdc/iis2mdc.o
 .ARM.attributes
                0x0000000000000206       0x39 Drivers/BSP/Components/iis2mdc/iis2mdc_reg.o
 .ARM.attributes
                0x000000000000023f       0x39 Drivers/BSP/STEVAL-STWINKT1/steval_stwinkt1_bus.o
 .ARM.attributes
                0x0000000000000278       0x39 Drivers/STM32L4xx_HAL_Driver/Src/stm32l4xx_hal.o
 .ARM.attributes
                0x00000000000002b1       0x39 Drivers/STM32L4xx_HAL_Driver/Src/stm32l4xx_hal_cortex.o
 .ARM.attributes
                0x00000000000002ea       0x39 Drivers/STM32L4xx_HAL_Driver/Src/stm32l4xx_hal_gpio.o
 .ARM.attributes
                0x0000000000000323       0x39 Drivers/STM32L4xx_HAL_Driver/Src/stm32l4xx_hal_i2c.o
 .ARM.attributes
                0x000000000000035c       0x39 Drivers/STM32L4xx_HAL_Driver/Src/stm32l4xx_hal_i2c_ex.o
 .ARM.attributes
                0x0000000000000395       0x39 Drivers/STM32L4xx_HAL_Driver/Src/stm32l4xx_hal_pwr_ex.o
 .ARM.attributes
                0x00000000000003ce       0x39 Drivers/STM32L4xx_HAL_Driver/Src/stm32l4xx_hal_rcc.o
 .ARM.attributes
                0x0000000000000407       0x39 Drivers/STM32L4xx_HAL_Driver/Src/stm32l4xx_hal_rcc_ex.o
 .ARM.attributes
                0x0000000000000440       0x39 Drivers/STM32L4xx_HAL_Driver/Src/stm32l4xx_hal_spi.o
 .ARM.attributes
                0x0000000000000479       0x39 Drivers/STM32L4xx_HAL_Driver/Src/stm32l4xx_hal_tim.o
 .ARM.attributes
                0x00000000000004b2       0x39 Drivers/STM32L4xx_HAL_Driver/Src/stm32l4xx_hal_tim_ex.o
 .ARM.attributes
                0x00000000000004eb       0x39 Drivers/STM32L4xx_HAL_Driver/Src/stm32l4xx_hal_uart.o
 .ARM.attributes
                0x0000000000000524       0x39 Drivers/STM32L4xx_HAL_Driver/Src/stm32l4xx_hal_uart_ex.o
 .ARM.attributes
                0x000000000000055d       0x39 Middlewares/Third_Party/FreeRTOS/Source/CMSIS_RTOS/cmsis_os.o
 .ARM.attributes
                0x0000000000000596       0x39 Middlewares/Third_Party/FreeRTOS/Source/list.o
 .ARM.attributes
                0x00000000000005cf       0x39 Middlewares/Third_Party/FreeRTOS/Source/queue.o
 .ARM.attributes
                0x0000000000000608       0x39 Middlewares/Third_Party/FreeRTOS/Source/tasks.o
 .ARM.attributes
                0x0000000000000641       0x39 Middlewares/Third_Party/FreeRTOS/Source/portable/GCC/ARM_CM4F/port.o
 .ARM.attributes
                0x000000000000067a       0x39 Middlewares/Third_Party/FreeRTOS/Source/portable/MemMang/heap_4.o
 .ARM.attributes
                0x00000000000006b3       0x34 d:/archivosdprograma/stm32cubeide_1.5.0/stm32cubeide/plugins/com.st.stm32cube.ide.mcu.externaltools.gnu-tools-for-stm32.7-2018-q2-update.win32_1.5.0.202011040924/tools/bin/../lib/gcc/arm-none-eabi/7.3.1/../../../../arm-none-eabi/lib/thumb/v7e-m/fpv4-sp/hard\libc_nano.a(lib_a-init.o)
 .ARM.attributes
                0x00000000000006e7       0x34 d:/archivosdprograma/stm32cubeide_1.5.0/stm32cubeide/plugins/com.st.stm32cube.ide.mcu.externaltools.gnu-tools-for-stm32.7-2018-q2-update.win32_1.5.0.202011040924/tools/bin/../lib/gcc/arm-none-eabi/7.3.1/../../../../arm-none-eabi/lib/thumb/v7e-m/fpv4-sp/hard\libc_nano.a(lib_a-memcpy-stub.o)
 .ARM.attributes
                0x000000000000071b       0x34 d:/archivosdprograma/stm32cubeide_1.5.0/stm32cubeide/plugins/com.st.stm32cube.ide.mcu.externaltools.gnu-tools-for-stm32.7-2018-q2-update.win32_1.5.0.202011040924/tools/bin/../lib/gcc/arm-none-eabi/7.3.1/../../../../arm-none-eabi/lib/thumb/v7e-m/fpv4-sp/hard\libc_nano.a(lib_a-memset.o)
 .ARM.attributes
                0x000000000000074f       0x22 d:/archivosdprograma/stm32cubeide_1.5.0/stm32cubeide/plugins/com.st.stm32cube.ide.mcu.externaltools.gnu-tools-for-stm32.7-2018-q2-update.win32_1.5.0.202011040924/tools/bin/../lib/gcc/arm-none-eabi/7.3.1/thumb/v7e-m/fpv4-sp/hard\libgcc.a(_aeabi_uldivmod.o)
 .ARM.attributes
                0x0000000000000771       0x34 d:/archivosdprograma/stm32cubeide_1.5.0/stm32cubeide/plugins/com.st.stm32cube.ide.mcu.externaltools.gnu-tools-for-stm32.7-2018-q2-update.win32_1.5.0.202011040924/tools/bin/../lib/gcc/arm-none-eabi/7.3.1/thumb/v7e-m/fpv4-sp/hard\libgcc.a(_udivmoddi4.o)
 .ARM.attributes
                0x00000000000007a5       0x22 d:/archivosdprograma/stm32cubeide_1.5.0/stm32cubeide/plugins/com.st.stm32cube.ide.mcu.externaltools.gnu-tools-for-stm32.7-2018-q2-update.win32_1.5.0.202011040924/tools/bin/../lib/gcc/arm-none-eabi/7.3.1/thumb/v7e-m/fpv4-sp/hard\libgcc.a(_dvmd_tls.o)
 .ARM.attributes
                0x00000000000007c7       0x22 d:/archivosdprograma/stm32cubeide_1.5.0/stm32cubeide/plugins/com.st.stm32cube.ide.mcu.externaltools.gnu-tools-for-stm32.7-2018-q2-update.win32_1.5.0.202011040924/tools/bin/../lib/gcc/arm-none-eabi/7.3.1/thumb/v7e-m/fpv4-sp/hard/crtn.o
OUTPUT(P2_FreeRTOS.elf elf32-littlearm)

.debug_info     0x0000000000000000    0x2380e
 .debug_info    0x0000000000000000      0x4a9 Core/Src/freertos.o
 .debug_info    0x00000000000004a9     0x347b Core/Src/main.o
 .debug_info    0x0000000000003924     0x1659 Core/Src/stm32l4xx_hal_msp.o
 .debug_info    0x0000000000004f7d      0xf17 Core/Src/stm32l4xx_hal_timebase_tim.o
 .debug_info    0x0000000000005e94      0x9e0 Core/Src/stm32l4xx_it.o
 .debug_info    0x0000000000006874      0x797 Core/Src/system_stm32l4xx.o
 .debug_info    0x000000000000700b       0x22 Core/Startup/startup_stm32l4r9zijx.o
 .debug_info    0x000000000000702d     0x1391 Drivers/BSP/Components/iis2mdc/iis2mdc.o
 .debug_info    0x00000000000083be     0x1e56 Drivers/BSP/Components/iis2mdc/iis2mdc_reg.o
 .debug_info    0x000000000000a214      0xfea Drivers/BSP/STEVAL-STWINKT1/steval_stwinkt1_bus.o
 .debug_info    0x000000000000b1fe      0xccd Drivers/STM32L4xx_HAL_Driver/Src/stm32l4xx_hal.o
 .debug_info    0x000000000000becb      0xfd9 Drivers/STM32L4xx_HAL_Driver/Src/stm32l4xx_hal_cortex.o
 .debug_info    0x000000000000cea4      0xa1c Drivers/STM32L4xx_HAL_Driver/Src/stm32l4xx_hal_gpio.o
 .debug_info    0x000000000000d8c0     0x2239 Drivers/STM32L4xx_HAL_Driver/Src/stm32l4xx_hal_i2c.o
 .debug_info    0x000000000000faf9      0xcdf Drivers/STM32L4xx_HAL_Driver/Src/stm32l4xx_hal_i2c_ex.o
 .debug_info    0x00000000000107d8      0xbfd Drivers/STM32L4xx_HAL_Driver/Src/stm32l4xx_hal_pwr_ex.o
 .debug_info    0x00000000000113d5      0xe70 Drivers/STM32L4xx_HAL_Driver/Src/stm32l4xx_hal_rcc.o
 .debug_info    0x0000000000012245     0x12ac Drivers/STM32L4xx_HAL_Driver/Src/stm32l4xx_hal_rcc_ex.o
 .debug_info    0x00000000000134f1     0x18b9 Drivers/STM32L4xx_HAL_Driver/Src/stm32l4xx_hal_spi.o
 .debug_info    0x0000000000014daa     0x2b8d Drivers/STM32L4xx_HAL_Driver/Src/stm32l4xx_hal_tim.o
 .debug_info    0x0000000000017937     0x17aa Drivers/STM32L4xx_HAL_Driver/Src/stm32l4xx_hal_tim_ex.o
 .debug_info    0x00000000000190e1     0x1b35 Drivers/STM32L4xx_HAL_Driver/Src/stm32l4xx_hal_uart.o
 .debug_info    0x000000000001ac16      0xd2a Drivers/STM32L4xx_HAL_Driver/Src/stm32l4xx_hal_uart_ex.o
 .debug_info    0x000000000001b940     0x1e80 Middlewares/Third_Party/FreeRTOS/Source/CMSIS_RTOS/cmsis_os.o
 .debug_info    0x000000000001d7c0      0xacb Middlewares/Third_Party/FreeRTOS/Source/list.o
 .debug_info    0x000000000001e28b     0x1fd2 Middlewares/Third_Party/FreeRTOS/Source/queue.o
 .debug_info    0x000000000002025d     0x2494 Middlewares/Third_Party/FreeRTOS/Source/tasks.o
 .debug_info    0x00000000000226f1      0x533 Middlewares/Third_Party/FreeRTOS/Source/portable/GCC/ARM_CM4F/port.o
 .debug_info    0x0000000000022c24      0xbea Middlewares/Third_Party/FreeRTOS/Source/portable/MemMang/heap_4.o

.debug_abbrev   0x0000000000000000     0x3e27
 .debug_abbrev  0x0000000000000000      0x125 Core/Src/freertos.o
 .debug_abbrev  0x0000000000000125      0x34f Core/Src/main.o
 .debug_abbrev  0x0000000000000474      0x1c0 Core/Src/stm32l4xx_hal_msp.o
 .debug_abbrev  0x0000000000000634      0x19d Core/Src/stm32l4xx_hal_timebase_tim.o
 .debug_abbrev  0x00000000000007d1      0x15a Core/Src/stm32l4xx_it.o
 .debug_abbrev  0x000000000000092b      0x150 Core/Src/system_stm32l4xx.o
 .debug_abbrev  0x0000000000000a7b       0x12 Core/Startup/startup_stm32l4r9zijx.o
 .debug_abbrev  0x0000000000000a8d      0x2b3 Drivers/BSP/Components/iis2mdc/iis2mdc.o
 .debug_abbrev  0x0000000000000d40      0x2c8 Drivers/BSP/Components/iis2mdc/iis2mdc_reg.o
 .debug_abbrev  0x0000000000001008      0x216 Drivers/BSP/STEVAL-STWINKT1/steval_stwinkt1_bus.o
 .debug_abbrev  0x000000000000121e      0x1fb Drivers/STM32L4xx_HAL_Driver/Src/stm32l4xx_hal.o
 .debug_abbrev  0x0000000000001419      0x2fa Drivers/STM32L4xx_HAL_Driver/Src/stm32l4xx_hal_cortex.o
 .debug_abbrev  0x0000000000001713      0x1c0 Drivers/STM32L4xx_HAL_Driver/Src/stm32l4xx_hal_gpio.o
 .debug_abbrev  0x00000000000018d3      0x22a Drivers/STM32L4xx_HAL_Driver/Src/stm32l4xx_hal_i2c.o
 .debug_abbrev  0x0000000000001afd      0x1b9 Drivers/STM32L4xx_HAL_Driver/Src/stm32l4xx_hal_i2c_ex.o
 .debug_abbrev  0x0000000000001cb6      0x1cb Drivers/STM32L4xx_HAL_Driver/Src/stm32l4xx_hal_pwr_ex.o
 .debug_abbrev  0x0000000000001e81      0x27b Drivers/STM32L4xx_HAL_Driver/Src/stm32l4xx_hal_rcc.o
 .debug_abbrev  0x00000000000020fc      0x238 Drivers/STM32L4xx_HAL_Driver/Src/stm32l4xx_hal_rcc_ex.o
 .debug_abbrev  0x0000000000002334      0x228 Drivers/STM32L4xx_HAL_Driver/Src/stm32l4xx_hal_spi.o
 .debug_abbrev  0x000000000000255c      0x230 Drivers/STM32L4xx_HAL_Driver/Src/stm32l4xx_hal_tim.o
 .debug_abbrev  0x000000000000278c      0x236 Drivers/STM32L4xx_HAL_Driver/Src/stm32l4xx_hal_tim_ex.o
 .debug_abbrev  0x00000000000029c2      0x212 Drivers/STM32L4xx_HAL_Driver/Src/stm32l4xx_hal_uart.o
 .debug_abbrev  0x0000000000002bd4      0x1e2 Drivers/STM32L4xx_HAL_Driver/Src/stm32l4xx_hal_uart_ex.o
 .debug_abbrev  0x0000000000002db6      0x386 Middlewares/Third_Party/FreeRTOS/Source/CMSIS_RTOS/cmsis_os.o
 .debug_abbrev  0x000000000000313c      0x1cf Middlewares/Third_Party/FreeRTOS/Source/list.o
 .debug_abbrev  0x000000000000330b      0x336 Middlewares/Third_Party/FreeRTOS/Source/queue.o
 .debug_abbrev  0x0000000000003641      0x338 Middlewares/Third_Party/FreeRTOS/Source/tasks.o
 .debug_abbrev  0x0000000000003979      0x210 Middlewares/Third_Party/FreeRTOS/Source/portable/GCC/ARM_CM4F/port.o
 .debug_abbrev  0x0000000000003b89      0x29e Middlewares/Third_Party/FreeRTOS/Source/portable/MemMang/heap_4.o

.debug_aranges  0x0000000000000000     0x1cc0
 .debug_aranges
                0x0000000000000000       0x20 Core/Src/freertos.o
 .debug_aranges
                0x0000000000000020       0x98 Core/Src/main.o
 .debug_aranges
                0x00000000000000b8       0x50 Core/Src/stm32l4xx_hal_msp.o
 .debug_aranges
                0x0000000000000108       0x30 Core/Src/stm32l4xx_hal_timebase_tim.o
 .debug_aranges
                0x0000000000000138       0x50 Core/Src/stm32l4xx_it.o
 .debug_aranges
                0x0000000000000188       0x28 Core/Src/system_stm32l4xx.o
 .debug_aranges
                0x00000000000001b0       0x28 Core/Startup/startup_stm32l4r9zijx.o
 .debug_aranges
                0x00000000000001d8       0xb8 Drivers/BSP/Components/iis2mdc/iis2mdc.o
 .debug_aranges
                0x0000000000000290      0x1a0 Drivers/BSP/Components/iis2mdc/iis2mdc_reg.o
 .debug_aranges
                0x0000000000000430       0x80 Drivers/BSP/STEVAL-STWINKT1/steval_stwinkt1_bus.o
 .debug_aranges
                0x00000000000004b0      0x130 Drivers/STM32L4xx_HAL_Driver/Src/stm32l4xx_hal.o
 .debug_aranges
                0x00000000000005e0      0x118 Drivers/STM32L4xx_HAL_Driver/Src/stm32l4xx_hal_cortex.o
 .debug_aranges
                0x00000000000006f8       0x58 Drivers/STM32L4xx_HAL_Driver/Src/stm32l4xx_hal_gpio.o
 .debug_aranges
                0x0000000000000750      0x290 Drivers/STM32L4xx_HAL_Driver/Src/stm32l4xx_hal_i2c.o
 .debug_aranges
                0x00000000000009e0       0x48 Drivers/STM32L4xx_HAL_Driver/Src/stm32l4xx_hal_i2c_ex.o
 .debug_aranges
                0x0000000000000a28      0x170 Drivers/STM32L4xx_HAL_Driver/Src/stm32l4xx_hal_pwr_ex.o
 .debug_aranges
                0x0000000000000b98       0x90 Drivers/STM32L4xx_HAL_Driver/Src/stm32l4xx_hal_rcc.o
 .debug_aranges
                0x0000000000000c28      0x110 Drivers/STM32L4xx_HAL_Driver/Src/stm32l4xx_hal_rcc_ex.o
 .debug_aranges
                0x0000000000000d38      0x1d8 Drivers/STM32L4xx_HAL_Driver/Src/stm32l4xx_hal_spi.o
 .debug_aranges
                0x0000000000000f10      0x3e0 Drivers/STM32L4xx_HAL_Driver/Src/stm32l4xx_hal_tim.o
 .debug_aranges
                0x00000000000012f0      0x180 Drivers/STM32L4xx_HAL_Driver/Src/stm32l4xx_hal_tim_ex.o
 .debug_aranges
                0x0000000000001470      0x230 Drivers/STM32L4xx_HAL_Driver/Src/stm32l4xx_hal_uart.o
 .debug_aranges
                0x00000000000016a0       0x88 Drivers/STM32L4xx_HAL_Driver/Src/stm32l4xx_hal_uart_ex.o
 .debug_aranges
                0x0000000000001728      0x1d8 Middlewares/Third_Party/FreeRTOS/Source/CMSIS_RTOS/cmsis_os.o
 .debug_aranges
                0x0000000000001900       0x40 Middlewares/Third_Party/FreeRTOS/Source/list.o
 .debug_aranges
                0x0000000000001940      0x108 Middlewares/Third_Party/FreeRTOS/Source/queue.o
 .debug_aranges
                0x0000000000001a48      0x1a8 Middlewares/Third_Party/FreeRTOS/Source/tasks.o
 .debug_aranges
                0x0000000000001bf0       0x80 Middlewares/Third_Party/FreeRTOS/Source/portable/GCC/ARM_CM4F/port.o
 .debug_aranges
                0x0000000000001c70       0x50 Middlewares/Third_Party/FreeRTOS/Source/portable/MemMang/heap_4.o

.debug_ranges   0x0000000000000000     0x1af8
 .debug_ranges  0x0000000000000000       0x10 Core/Src/freertos.o
 .debug_ranges  0x0000000000000010       0x88 Core/Src/main.o
 .debug_ranges  0x0000000000000098       0x40 Core/Src/stm32l4xx_hal_msp.o
 .debug_ranges  0x00000000000000d8       0x20 Core/Src/stm32l4xx_hal_timebase_tim.o
 .debug_ranges  0x00000000000000f8       0x40 Core/Src/stm32l4xx_it.o
 .debug_ranges  0x0000000000000138       0x18 Core/Src/system_stm32l4xx.o
 .debug_ranges  0x0000000000000150       0x20 Core/Startup/startup_stm32l4r9zijx.o
 .debug_ranges  0x0000000000000170       0xa8 Drivers/BSP/Components/iis2mdc/iis2mdc.o
 .debug_ranges  0x0000000000000218      0x190 Drivers/BSP/Components/iis2mdc/iis2mdc_reg.o
 .debug_ranges  0x00000000000003a8       0x70 Drivers/BSP/STEVAL-STWINKT1/steval_stwinkt1_bus.o
 .debug_ranges  0x0000000000000418      0x120 Drivers/STM32L4xx_HAL_Driver/Src/stm32l4xx_hal.o
 .debug_ranges  0x0000000000000538      0x108 Drivers/STM32L4xx_HAL_Driver/Src/stm32l4xx_hal_cortex.o
 .debug_ranges  0x0000000000000640       0x48 Drivers/STM32L4xx_HAL_Driver/Src/stm32l4xx_hal_gpio.o
 .debug_ranges  0x0000000000000688      0x280 Drivers/STM32L4xx_HAL_Driver/Src/stm32l4xx_hal_i2c.o
 .debug_ranges  0x0000000000000908       0x38 Drivers/STM32L4xx_HAL_Driver/Src/stm32l4xx_hal_i2c_ex.o
 .debug_ranges  0x0000000000000940      0x160 Drivers/STM32L4xx_HAL_Driver/Src/stm32l4xx_hal_pwr_ex.o
 .debug_ranges  0x0000000000000aa0       0x80 Drivers/STM32L4xx_HAL_Driver/Src/stm32l4xx_hal_rcc.o
 .debug_ranges  0x0000000000000b20      0x100 Drivers/STM32L4xx_HAL_Driver/Src/stm32l4xx_hal_rcc_ex.o
 .debug_ranges  0x0000000000000c20      0x1c8 Drivers/STM32L4xx_HAL_Driver/Src/stm32l4xx_hal_spi.o
 .debug_ranges  0x0000000000000de8      0x3d0 Drivers/STM32L4xx_HAL_Driver/Src/stm32l4xx_hal_tim.o
 .debug_ranges  0x00000000000011b8      0x170 Drivers/STM32L4xx_HAL_Driver/Src/stm32l4xx_hal_tim_ex.o
 .debug_ranges  0x0000000000001328      0x220 Drivers/STM32L4xx_HAL_Driver/Src/stm32l4xx_hal_uart.o
 .debug_ranges  0x0000000000001548       0x78 Drivers/STM32L4xx_HAL_Driver/Src/stm32l4xx_hal_uart_ex.o
 .debug_ranges  0x00000000000015c0      0x1c8 Middlewares/Third_Party/FreeRTOS/Source/CMSIS_RTOS/cmsis_os.o
 .debug_ranges  0x0000000000001788       0x30 Middlewares/Third_Party/FreeRTOS/Source/list.o
 .debug_ranges  0x00000000000017b8       0xf8 Middlewares/Third_Party/FreeRTOS/Source/queue.o
 .debug_ranges  0x00000000000018b0      0x198 Middlewares/Third_Party/FreeRTOS/Source/tasks.o
 .debug_ranges  0x0000000000001a48       0x70 Middlewares/Third_Party/FreeRTOS/Source/portable/GCC/ARM_CM4F/port.o
 .debug_ranges  0x0000000000001ab8       0x40 Middlewares/Third_Party/FreeRTOS/Source/portable/MemMang/heap_4.o

.debug_macro    0x0000000000000000    0x338cd
 .debug_macro   0x0000000000000000      0x273 Core/Src/freertos.o
 .debug_macro   0x0000000000000273      0xa5a Core/Src/freertos.o
 .debug_macro   0x0000000000000ccd      0x174 Core/Src/freertos.o
 .debug_macro   0x0000000000000e41       0x22 Core/Src/freertos.o
 .debug_macro   0x0000000000000e63       0x8e Core/Src/freertos.o
 .debug_macro   0x0000000000000ef1       0x51 Core/Src/freertos.o
 .debug_macro   0x0000000000000f42       0xef Core/Src/freertos.o
 .debug_macro   0x0000000000001031       0x6a Core/Src/freertos.o
 .debug_macro   0x000000000000109b      0x1df Core/Src/freertos.o
 .debug_macro   0x000000000000127a       0xea Core/Src/freertos.o
 .debug_macro   0x0000000000001364      0x15a Core/Src/freertos.o
 .debug_macro   0x00000000000014be       0xde Core/Src/freertos.o
 .debug_macro   0x000000000000159c       0x1c Core/Src/freertos.o
 .debug_macro   0x00000000000015b8       0x26 Core/Src/freertos.o
 .debug_macro   0x00000000000015de      0x4e8 Core/Src/freertos.o
 .debug_macro   0x0000000000001ac6       0xb5 Core/Src/freertos.o
 .debug_macro   0x0000000000001b7b       0xaa Core/Src/freertos.o
 .debug_macro   0x0000000000001c25      0x1b3 Core/Src/freertos.o
 .debug_macro   0x0000000000001dd8       0x2e Core/Src/freertos.o
 .debug_macro   0x0000000000001e06       0x28 Core/Src/freertos.o
 .debug_macro   0x0000000000001e2e       0x1c Core/Src/freertos.o
 .debug_macro   0x0000000000001e4a       0x22 Core/Src/freertos.o
 .debug_macro   0x0000000000001e6c      0x101 Core/Src/freertos.o
 .debug_macro   0x0000000000001f6d     0x1011 Core/Src/freertos.o
 .debug_macro   0x0000000000002f7e      0x11f Core/Src/freertos.o
 .debug_macro   0x000000000000309d    0x22e7c Core/Src/freertos.o
 .debug_macro   0x0000000000025f19       0x43 Core/Src/freertos.o
 .debug_macro   0x0000000000025f5c     0x3897 Core/Src/freertos.o
 .debug_macro   0x00000000000297f3       0x5c Core/Src/freertos.o
 .debug_macro   0x000000000002984f     0x1917 Core/Src/freertos.o
 .debug_macro   0x000000000002b166      0x837 Core/Src/freertos.o
 .debug_macro   0x000000000002b99d      0x13d Core/Src/freertos.o
 .debug_macro   0x000000000002bada      0x225 Core/Src/freertos.o
 .debug_macro   0x000000000002bcff      0x486 Core/Src/freertos.o
 .debug_macro   0x000000000002c185      0x1cf Core/Src/freertos.o
 .debug_macro   0x000000000002c354       0x43 Core/Src/freertos.o
 .debug_macro   0x000000000002c397      0x23d Core/Src/freertos.o
 .debug_macro   0x000000000002c5d4      0x241 Core/Src/freertos.o
 .debug_macro   0x000000000002c815      0x416 Core/Src/freertos.o
 .debug_macro   0x000000000002cc2b       0x1c Core/Src/freertos.o
 .debug_macro   0x000000000002cc47       0xf2 Core/Src/freertos.o
 .debug_macro   0x000000000002cd39      0x22c Core/Src/freertos.o
 .debug_macro   0x000000000002cf65       0x61 Core/Src/freertos.o
 .debug_macro   0x000000000002cfc6       0xa5 Core/Src/freertos.o
 .debug_macro   0x000000000002d06b      0x122 Core/Src/freertos.o
 .debug_macro   0x000000000002d18d      0x3f7 Core/Src/freertos.o
 .debug_macro   0x000000000002d584      0x2fe Core/Src/freertos.o
 .debug_macro   0x000000000002d882      0xa75 Core/Src/freertos.o
 .debug_macro   0x000000000002e2f7      0x197 Core/Src/freertos.o
 .debug_macro   0x000000000002e48e      0x662 Core/Src/freertos.o
 .debug_macro   0x000000000002eaf0       0xa6 Core/Src/freertos.o
 .debug_macro   0x000000000002eb96      0x433 Core/Src/freertos.o
 .debug_macro   0x000000000002efc9      0x563 Core/Src/freertos.o
 .debug_macro   0x000000000002f52c      0x3ed Core/Src/main.o
 .debug_macro   0x000000000002f919       0xea Core/Src/main.o
 .debug_macro   0x000000000002fa03       0x91 Core/Src/main.o
 .debug_macro   0x000000000002fa94       0x8d Core/Src/main.o
 .debug_macro   0x000000000002fb21       0x7e Core/Src/main.o
 .debug_macro   0x000000000002fb9f       0x19 Core/Src/main.o
 .debug_macro   0x000000000002fbb8       0xf2 Core/Src/main.o
 .debug_macro   0x000000000002fcaa      0x32a Core/Src/main.o
 .debug_macro   0x000000000002ffd4       0xcb Core/Src/main.o
 .debug_macro   0x000000000003009f       0x2e Core/Src/main.o
 .debug_macro   0x00000000000300cd       0x2e Core/Src/main.o
 .debug_macro   0x00000000000300fb       0x82 Core/Src/main.o
 .debug_macro   0x000000000003017d       0x70 Core/Src/main.o
 .debug_macro   0x00000000000301ed      0x20b Core/Src/stm32l4xx_hal_msp.o
 .debug_macro   0x00000000000303f8      0x1fc Core/Src/stm32l4xx_hal_timebase_tim.o
 .debug_macro   0x00000000000305f4      0x215 Core/Src/stm32l4xx_it.o
 .debug_macro   0x0000000000030809      0x202 Core/Src/system_stm32l4xx.o
 .debug_macro   0x0000000000030a0b      0x154 Drivers/BSP/Components/iis2mdc/iis2mdc.o
 .debug_macro   0x0000000000030b5f       0xde Drivers/BSP/Components/iis2mdc/iis2mdc.o
 .debug_macro   0x0000000000030c3d       0x35 Drivers/BSP/Components/iis2mdc/iis2mdc.o
 .debug_macro   0x0000000000030c72      0x115 Drivers/BSP/Components/iis2mdc/iis2mdc_reg.o
 .debug_macro   0x0000000000030d87      0x277 Drivers/BSP/STEVAL-STWINKT1/steval_stwinkt1_bus.o
 .debug_macro   0x0000000000030ffe       0x28 Drivers/BSP/STEVAL-STWINKT1/steval_stwinkt1_bus.o
 .debug_macro   0x0000000000031026      0x24a Drivers/STM32L4xx_HAL_Driver/Src/stm32l4xx_hal.o
 .debug_macro   0x0000000000031270      0x1fc Drivers/STM32L4xx_HAL_Driver/Src/stm32l4xx_hal_cortex.o
 .debug_macro   0x000000000003146c      0x23b Drivers/STM32L4xx_HAL_Driver/Src/stm32l4xx_hal_gpio.o
 .debug_macro   0x00000000000316a7      0x2c1 Drivers/STM32L4xx_HAL_Driver/Src/stm32l4xx_hal_i2c.o
 .debug_macro   0x0000000000031968      0x1fc Drivers/STM32L4xx_HAL_Driver/Src/stm32l4xx_hal_i2c_ex.o
 .debug_macro   0x0000000000031b64      0x226 Drivers/STM32L4xx_HAL_Driver/Src/stm32l4xx_hal_pwr_ex.o
 .debug_macro   0x0000000000031d8a      0x23e Drivers/STM32L4xx_HAL_Driver/Src/stm32l4xx_hal_rcc.o
 .debug_macro   0x0000000000031fc8      0x232 Drivers/STM32L4xx_HAL_Driver/Src/stm32l4xx_hal_rcc_ex.o
 .debug_macro   0x00000000000321fa      0x204 Drivers/STM32L4xx_HAL_Driver/Src/stm32l4xx_hal_spi.o
 .debug_macro   0x00000000000323fe      0x1fd Drivers/STM32L4xx_HAL_Driver/Src/stm32l4xx_hal_tim.o
 .debug_macro   0x00000000000325fb      0x1fc Drivers/STM32L4xx_HAL_Driver/Src/stm32l4xx_hal_tim_ex.o
 .debug_macro   0x00000000000327f7      0x227 Drivers/STM32L4xx_HAL_Driver/Src/stm32l4xx_hal_uart.o
 .debug_macro   0x0000000000032a1e      0x208 Drivers/STM32L4xx_HAL_Driver/Src/stm32l4xx_hal_uart_ex.o
 .debug_macro   0x0000000000032c26      0x1f1 Middlewares/Third_Party/FreeRTOS/Source/CMSIS_RTOS/cmsis_os.o
 .debug_macro   0x0000000000032e17       0x10 Middlewares/Third_Party/FreeRTOS/Source/CMSIS_RTOS/cmsis_os.o
 .debug_macro   0x0000000000032e27       0xe9 Middlewares/Third_Party/FreeRTOS/Source/CMSIS_RTOS/cmsis_os.o
 .debug_macro   0x0000000000032f10      0x17a Middlewares/Third_Party/FreeRTOS/Source/list.o
 .debug_macro   0x000000000003308a      0x209 Middlewares/Third_Party/FreeRTOS/Source/queue.o
 .debug_macro   0x0000000000033293       0x87 Middlewares/Third_Party/FreeRTOS/Source/queue.o
 .debug_macro   0x000000000003331a      0x26c Middlewares/Third_Party/FreeRTOS/Source/tasks.o
 .debug_macro   0x0000000000033586       0x10 Middlewares/Third_Party/FreeRTOS/Source/tasks.o
 .debug_macro   0x0000000000033596      0x196 Middlewares/Third_Party/FreeRTOS/Source/portable/GCC/ARM_CM4F/port.o
 .debug_macro   0x000000000003372c      0x1a1 Middlewares/Third_Party/FreeRTOS/Source/portable/MemMang/heap_4.o

.debug_line     0x0000000000000000    0x174fa
 .debug_line    0x0000000000000000      0x8a3 Core/Src/freertos.o
 .debug_line    0x00000000000008a3      0xed5 Core/Src/main.o
 .debug_line    0x0000000000001778      0x82e Core/Src/stm32l4xx_hal_msp.o
 .debug_line    0x0000000000001fa6      0x7dd Core/Src/stm32l4xx_hal_timebase_tim.o
 .debug_line    0x0000000000002783      0x82f Core/Src/stm32l4xx_it.o
 .debug_line    0x0000000000002fb2      0x7d3 Core/Src/system_stm32l4xx.o
 .debug_line    0x0000000000003785       0x87 Core/Startup/startup_stm32l4r9zijx.o
 .debug_line    0x000000000000380c      0x850 Drivers/BSP/Components/iis2mdc/iis2mdc.o
 .debug_line    0x000000000000405c      0xa4b Drivers/BSP/Components/iis2mdc/iis2mdc_reg.o
 .debug_line    0x0000000000004aa7      0x933 Drivers/BSP/STEVAL-STWINKT1/steval_stwinkt1_bus.o
 .debug_line    0x00000000000053da      0xa4a Drivers/STM32L4xx_HAL_Driver/Src/stm32l4xx_hal.o
 .debug_line    0x0000000000005e24      0xad2 Drivers/STM32L4xx_HAL_Driver/Src/stm32l4xx_hal_cortex.o
 .debug_line    0x00000000000068f6      0x975 Drivers/STM32L4xx_HAL_Driver/Src/stm32l4xx_hal_gpio.o
 .debug_line    0x000000000000726b     0x1b8c Drivers/STM32L4xx_HAL_Driver/Src/stm32l4xx_hal_i2c.o
 .debug_line    0x0000000000008df7      0x8ed Drivers/STM32L4xx_HAL_Driver/Src/stm32l4xx_hal_i2c_ex.o
 .debug_line    0x00000000000096e4      0xbc4 Drivers/STM32L4xx_HAL_Driver/Src/stm32l4xx_hal_pwr_ex.o
 .debug_line    0x000000000000a2a8      0xb02 Drivers/STM32L4xx_HAL_Driver/Src/stm32l4xx_hal_rcc.o
 .debug_line    0x000000000000adaa      0xf6d Drivers/STM32L4xx_HAL_Driver/Src/stm32l4xx_hal_rcc_ex.o
 .debug_line    0x000000000000bd17     0x1244 Drivers/STM32L4xx_HAL_Driver/Src/stm32l4xx_hal_spi.o
 .debug_line    0x000000000000cf5b     0x286a Drivers/STM32L4xx_HAL_Driver/Src/stm32l4xx_hal_tim.o
 .debug_line    0x000000000000f7c5     0x163a Drivers/STM32L4xx_HAL_Driver/Src/stm32l4xx_hal_tim_ex.o
 .debug_line    0x0000000000010dff     0x146e Drivers/STM32L4xx_HAL_Driver/Src/stm32l4xx_hal_uart.o
 .debug_line    0x000000000001226d      0xa18 Drivers/STM32L4xx_HAL_Driver/Src/stm32l4xx_hal_uart_ex.o
 .debug_line    0x0000000000012c85      0xe00 Middlewares/Third_Party/FreeRTOS/Source/CMSIS_RTOS/cmsis_os.o
 .debug_line    0x0000000000013a85      0x7ac Middlewares/Third_Party/FreeRTOS/Source/list.o
 .debug_line    0x0000000000014231     0x10b6 Middlewares/Third_Party/FreeRTOS/Source/queue.o
 .debug_line    0x00000000000152e7     0x1273 Middlewares/Third_Party/FreeRTOS/Source/tasks.o
 .debug_line    0x000000000001655a      0x70e Middlewares/Third_Party/FreeRTOS/Source/portable/GCC/ARM_CM4F/port.o
 .debug_line    0x0000000000016c68      0x892 Middlewares/Third_Party/FreeRTOS/Source/portable/MemMang/heap_4.o

.debug_str      0x0000000000000000   0x138566
 .debug_str     0x0000000000000000   0x1273a6 Core/Src/freertos.o
                                     0x127698 (size before relaxing)
 .debug_str     0x00000000001273a6     0x837a Core/Src/main.o
                                     0x12fd25 (size before relaxing)
 .debug_str     0x000000000012f720      0x530 Core/Src/stm32l4xx_hal_msp.o
                                     0x124945 (size before relaxing)
 .debug_str     0x000000000012fc50       0x98 Core/Src/stm32l4xx_hal_timebase_tim.o
                                     0x1231f2 (size before relaxing)
 .debug_str     0x000000000012fce8       0x92 Core/Src/stm32l4xx_it.o
                                     0x123e7a (size before relaxing)
 .debug_str     0x000000000012fd7a       0xcd Core/Src/system_stm32l4xx.o
                                     0x122692 (size before relaxing)
 .debug_str     0x000000000012fe47       0x36 Core/Startup/startup_stm32l4r9zijx.o
                                         0x5f (size before relaxing)
 .debug_str     0x000000000012fe7d      0x309 Drivers/BSP/Components/iis2mdc/iis2mdc.o
                                       0x818e (size before relaxing)
 .debug_str     0x0000000000130186      0x7ec Drivers/BSP/Components/iis2mdc/iis2mdc_reg.o
                                       0x8371 (size before relaxing)
 .debug_str     0x0000000000130972      0x287 Drivers/BSP/STEVAL-STWINKT1/steval_stwinkt1_bus.o
                                     0x123453 (size before relaxing)
 .debug_str     0x0000000000130bf9      0x56c Drivers/STM32L4xx_HAL_Driver/Src/stm32l4xx_hal.o
                                     0x1231df (size before relaxing)
 .debug_str     0x0000000000131165      0x380 Drivers/STM32L4xx_HAL_Driver/Src/stm32l4xx_hal_cortex.o
                                     0x122f2a (size before relaxing)
 .debug_str     0x00000000001314e5      0x236 Drivers/STM32L4xx_HAL_Driver/Src/stm32l4xx_hal_gpio.o
                                     0x1228fe (size before relaxing)
 .debug_str     0x000000000013171b      0xd60 Drivers/STM32L4xx_HAL_Driver/Src/stm32l4xx_hal_i2c.o
                                     0x12386b (size before relaxing)
 .debug_str     0x000000000013247b       0xb8 Drivers/STM32L4xx_HAL_Driver/Src/stm32l4xx_hal_i2c_ex.o
                                     0x122c88 (size before relaxing)
 .debug_str     0x0000000000132533      0x586 Drivers/STM32L4xx_HAL_Driver/Src/stm32l4xx_hal_pwr_ex.o