iis2dh.c:88:9:IIS2DH_RegisterBusIO	24	static
iis2dh.c:128:9:IIS2DH_Init	32	static
iis2dh.c:227:9:IIS2DH_DeInit	16	static
iis2dh.c:249:9:IIS2DH_ReadID	16	static
iis2dh.c:265:9:IIS2DH_GetCapabilities	16	static
iis2dh.c:288:9:IIS2DH_ACC_Enable	24	static
iis2dh.c:321:9:IIS2DH_ACC_Disable	16	static
iis2dh.c:346:9:IIS2DH_ACC_GetSensitivity	24	static
iis2dh.c:459:9:IIS2DH_ACC_GetOutputDataRate	24	static
iis2dh.c:517:9:IIS2DH_ACC_SetOutputDataRate	16	static
iis2dh.c:536:9:IIS2DH_ACC_GetFullScale	24	static
iis2dh.c:580:9:IIS2DH_ACC_SetFullScale	24	static
iis2dh.c:605:9:IIS2DH_ACC_GetAxesRaw	40	static
iis2dh.c:663:9:IIS2DH_ACC_GetAxes	32	static
iis2dh.c:695:9:IIS2DH_Read_Reg	24	static
iis2dh.c:712:9:IIS2DH_Write_Reg	16	static
iis2dh.c:729:9:IIS2DH_ACC_Get_DRDY_Status	16	static
iis2dh.c:745:9:IIS2DH_ACC_Get_Init_Status	16	static
iis2dh.c:763:9:IIS2DH_FIFO_Get_Num_Samples	16	static
iis2dh.c:779:9:IIS2DH_FIFO_Set_Mode	24	static
iis2dh.c:825:16:IIS2DH_ACC_SetOutputDataRate_When_Enabled	24	static
iis2dh.c:872:16:IIS2DH_ACC_SetOutputDataRate_When_Disabled	16	static
iis2dh.c:895:16:ReadRegWrap	40	static
iis2dh.c:910:16:WriteRegWrap	40	static
