main.c:112:5:main	120	static
main.c:207:6:SystemClock_Config	256	static
main.c:263:13:MX_SPI3_Init	8	static
main.c:303:13:MX_TIM16_Init	8	static
main.c:335:13:MX_USART2_UART_Init	8	static
main.c:383:13:MX_GPIO_Init	64	static
main.c:694:6:InicializaSensores	8	static
main.c:733:9:MX_SPI3_Init_WRAP	16	static
main.c:743:9:MX_SPI3_DeInit_WRAP	16	static
main.c:762:9:leer_registro	32	static
main.c:784:9:escribir_registro	64	static
main.c:830:6:LED_blink	16	static
main.c:853:6:MuestreaAcc	16	static
main.c:885:6:MandaDatos	32	static
main.c:908:6:HAL_TIM_PeriodElapsedCallback	16	static
main.c:925:6:Error_Handler	4	static,ignoring_inline_asm
