main.c:110:5:main	128	static
main.c:206:6:SystemClock_Config	256	static
main.c:262:13:MX_SPI3_Init	8	static
main.c:302:13:MX_TIM16_Init	8	static
main.c:334:13:MX_USART2_UART_Init	8	static
main.c:382:13:MX_GPIO_Init	64	static
main.c:693:6:InicializaSensores	8	static
main.c:731:6:TomaMedidas	16	static
main.c:755:9:MX_SPI3_Init_WRAP	16	static
main.c:765:9:MX_SPI3_DeInit_WRAP	16	static
main.c:784:9:leer_registro	32	static
main.c:806:9:escribir_registro	64	static
main.c:852:6:LED_blink	16	static
main.c:881:6:MuestreaAcc	16	static
main.c:910:6:MandaDatos	32	static
main.c:935:6:HAL_TIM_PeriodElapsedCallback	16	static
main.c:952:6:Error_Handler	4	static,ignoring_inline_asm
